Component: ARM Compiler 5.06 update 5 (build 528) Tool: armlink [4d35e2]

==============================================================================

Section Cross References

    main.o(i.Init_Config) refers to delay.o(i.delay_init) for delay_init
    main.o(i.Init_Config) refers to gpio_config.o(i.GPIO_Configuration) for GPIO_Configuration
    main.o(i.Init_Config) refers to usart.o(i.uart_init) for uart_init
    main.o(i.Init_Config) refers to hub_motor.o(i.Hub_motor_Init) for Hub_motor_Init
    main.o(i.Init_Config) refers to mpu6050manage.o(i.InitMpu6050) for InitMpu6050
    main.o(i.Init_Config) refers to main.o(i.Init_TimeParameters) for Init_TimeParameters
    main.o(i.Init_TimeParameters) refers to uldiv.o(.text) for __aeabi_uldivmod
    main.o(i.Init_TimeParameters) refers to encoder.o(.data) for sys_time
    main.o(i.Init_TimeParameters) refers to driversmain.o(.data) for oldsystime
    main.o(i.Start_Task) refers to port.o(i.vPortEnterCritical) for vPortEnterCritical
    main.o(i.Start_Task) refers to tasks.o(i.xTaskCreate) for xTaskCreate
    main.o(i.Start_Task) refers to tasks.o(i.vTaskDelete) for vTaskDelete
    main.o(i.Start_Task) refers to port.o(i.vPortExitCritical) for vPortExitCritical
    main.o(i.Start_Task) refers to main.o(.data) for DriverService_TASK_Handler
    main.o(i.Start_Task) refers to driversmain.o(i.APP_DriverService_Task) for APP_DriverService_Task
    main.o(i.Start_Task) refers to robotruncontrolmain.o(i.APP_RobotRunControlService_Task) for APP_RobotRunControlService_Task
    main.o(i.Start_Task) refers to communicationmain.o(i.APP_CommunicationService_Task) for APP_CommunicationService_Task
    main.o(i.main) refers to misc.o(i.NVIC_PriorityGroupConfig) for NVIC_PriorityGroupConfig
    main.o(i.main) refers to main.o(i.Init_Config) for Init_Config
    main.o(i.main) refers to tasks.o(i.xTaskCreate) for xTaskCreate
    main.o(i.main) refers to tasks.o(i.vTaskStartScheduler) for vTaskStartScheduler
    main.o(i.main) refers to main.o(.data) for StartTask_Handler
    main.o(i.main) refers to main.o(i.Start_Task) for Start_Task
    startup_stm32f10x_hd.o(RESET) refers to startup_stm32f10x_hd.o(STACK) for __initial_sp
    startup_stm32f10x_hd.o(RESET) refers to startup_stm32f10x_hd.o(.text) for Reset_Handler
    startup_stm32f10x_hd.o(RESET) refers to stm32f10x_it.o(i.NMI_Handler) for NMI_Handler
    startup_stm32f10x_hd.o(RESET) refers to stm32f10x_it.o(i.HardFault_Handler) for HardFault_Handler
    startup_stm32f10x_hd.o(RESET) refers to stm32f10x_it.o(i.MemManage_Handler) for MemManage_Handler
    startup_stm32f10x_hd.o(RESET) refers to stm32f10x_it.o(i.BusFault_Handler) for BusFault_Handler
    startup_stm32f10x_hd.o(RESET) refers to stm32f10x_it.o(i.UsageFault_Handler) for UsageFault_Handler
    startup_stm32f10x_hd.o(RESET) refers to port.o(.emb_text) for SVC_Handler
    startup_stm32f10x_hd.o(RESET) refers to stm32f10x_it.o(i.DebugMon_Handler) for DebugMon_Handler
    startup_stm32f10x_hd.o(RESET) refers to delay.o(i.SysTick_Handler) for SysTick_Handler
    startup_stm32f10x_hd.o(RESET) refers to driversmain.o(i.WWDG_IRQHandler) for WWDG_IRQHandler
    startup_stm32f10x_hd.o(RESET) refers to encoder.o(i.TIM2_IRQHandler) for TIM2_IRQHandler
    startup_stm32f10x_hd.o(RESET) refers to usart.o(i.USART1_IRQHandler) for USART1_IRQHandler
    startup_stm32f10x_hd.o(RESET) refers to rs485.o(i.USART2_IRQHandler) for USART2_IRQHandler
    startup_stm32f10x_hd.o(RESET) refers to usart.o(i.USART3_IRQHandler) for USART3_IRQHandler
    startup_stm32f10x_hd.o(.text) refers to system_stm32f10x.o(i.SystemInit) for SystemInit
    startup_stm32f10x_hd.o(.text) refers to entry.o(.ARM.Collect$$$$00000000) for __main
    inv_mpu.o(i.accel_self_test) refers to inv_mpu.o(i.get_accel_prod_shift) for get_accel_prod_shift
    inv_mpu.o(i.accel_self_test) refers to fflti.o(.text) for __aeabi_i2f
    inv_mpu.o(i.accel_self_test) refers to fdiv.o(.text) for __aeabi_fdiv
    inv_mpu.o(i.accel_self_test) refers to cfcmple.o(.text) for __aeabi_cfcmpeq
    inv_mpu.o(i.accel_self_test) refers to fadd.o(.text) for __aeabi_fsub
    inv_mpu.o(i.accel_self_test) refers to cfrcmple.o(.text) for __aeabi_cfrcmple
    inv_mpu.o(i.accel_self_test) refers to inv_mpu.o(.constdata) for test
    inv_mpu.o(i.get_accel_prod_shift) refers to mpu6050.o(i.MPU_Read_Len) for MPU_Read_Len
    inv_mpu.o(i.get_accel_prod_shift) refers to fmul.o(.text) for __aeabi_fmul
    inv_mpu.o(i.get_accel_prod_shift) refers to inv_mpu.o(.data) for st
    inv_mpu.o(i.get_st_biases) refers to mpu6050.o(i.MPU_Write_Len) for MPU_Write_Len
    inv_mpu.o(i.get_st_biases) refers to delay.o(i.delay_ms) for delay_ms
    inv_mpu.o(i.get_st_biases) refers to mpu6050.o(i.MPU_Read_Len) for MPU_Read_Len
    inv_mpu.o(i.get_st_biases) refers to ldiv.o(.text) for __aeabi_ldivmod
    inv_mpu.o(i.get_st_biases) refers to inv_mpu.o(.data) for st
    inv_mpu.o(i.get_st_biases) refers to inv_mpu.o(.constdata) for test
[...]
    _printf_mbtowc                           0x00000000   Number         0  stubs.o ABSOLUTE
    _printf_n                                0x00000000   Number         0  stubs.o ABSOLUTE
    _printf_o                                0x00000000   Number         0  stubs.o ABSOLUTE
    _printf_p                                0x00000000   Number         0  stubs.o ABSOLUTE
    _printf_percent                          0x00000000   Number         0  stubs.o ABSOLUTE
    _printf_pre_padding                      0x00000000   Number         0  stubs.o ABSOLUTE
    _printf_return_value                     0x00000000   Number         0  stubs.o ABSOLUTE
    _printf_s                                0x00000000   Number         0  stubs.o ABSOLUTE
    _printf_sizespec                         0x00000000   Number         0  stubs.o ABSOLUTE
    _printf_str                              0x00000000   Number         0  stubs.o ABSOLUTE
    _printf_truncate_signed                  0x00000000   Number         0  stubs.o ABSOLUTE
    _printf_truncate_unsigned                0x00000000   Number         0  stubs.o ABSOLUTE
    _printf_u                                0x00000000   Number         0  stubs.o ABSOLUTE
    _printf_wc                               0x00000000   Number         0  stubs.o ABSOLUTE
    _printf_wctomb                           0x00000000   Number         0  stubs.o ABSOLUTE
    _printf_widthprec                        0x00000000   Number         0  stubs.o ABSOLUTE
    _printf_x                                0x00000000   Number         0  stubs.o ABSOLUTE
    __cpp_initialize__aeabi_                  - Undefined Weak Reference
    __cxa_finalize                            - Undefined Weak Reference
    _clock_init                               - Undefined Weak Reference
    _microlib_exit                            - Undefined Weak Reference
    __Vectors_Size                           0x00000130   Number         0  startup_stm32f10x_hd.o ABSOLUTE
    __Vectors                                0x08000000   Data           4  startup_stm32f10x_hd.o(RESET)
    __Vectors_End                            0x08000130   Data           0  startup_stm32f10x_hd.o(RESET)
    __main                                   0x08000131   Thumb Code     0  entry.o(.ARM.Collect$$$$00000000)
    _main_stk                                0x08000131   Thumb Code     0  entry2.o(.ARM.Collect$$$$00000001)
    _main_scatterload                        0x08000135   Thumb Code     0  entry5.o(.ARM.Collect$$$$00000004)
    __main_after_scatterload                 0x08000139   Thumb Code     0  entry5.o(.ARM.Collect$$$$00000004)
    _main_clock                              0x08000139   Thumb Code     0  entry7b.o(.ARM.Collect$$$$00000008)
    _main_cpp_init                           0x08000139   Thumb Code     0  entry8b.o(.ARM.Collect$$$$0000000A)
    _main_init                               0x08000139   Thumb Code     0  entry9a.o(.ARM.Collect$$$$0000000B)
    __rt_final_cpp                           0x08000141   Thumb Code     0  entry10a.o(.ARM.Collect$$$$0000000D)
    __rt_final_exit                          0x08000141   Thumb Code     0  entry11a.o(.ARM.Collect$$$$0000000F)
    SVC_Handler                              0x08000145   Thumb Code    32  port.o(.emb_text)
    __asm___6_port_c_39a90d8d__prvStartFirstTask 0x08000169   Thumb Code    28  port.o(.emb_text)
    PendSV_Handler                           0x08000189   Thumb Code    72  port.o(.emb_text)
    vPortGetIPSR                             0x080001d5   Thumb Code     6  port.o(.emb_text)
    Reset_Handler                            0x080001dd   Thumb Code     8  startup_stm32f10x_hd.o(.text)
    ADC1_2_IRQHandler                        0x080001f7   Thumb Code     0  startup_stm32f10x_hd.o(.text)
    ADC3_IRQHandler                          0x080001f7   Thumb Code     0  startup_stm32f10x_hd.o(.text)
    CAN1_RX1_IRQHandler                      0x080001f7   Thumb Code     0  startup_stm32f10x_hd.o(.text)
    CAN1_SCE_IRQHandler                      0x080001f7   Thumb Code     0  startup_stm32f10x_hd.o(.text)
    DMA1_Channel1_IRQHandler                 0x080001f7   Thumb Code     0  startup_stm32f10x_hd.o(.text)
    DMA1_Channel2_IRQHandler                 0x080001f7   Thumb Code     0  startup_stm32f10x_hd.o(.text)
    DMA1_Channel3_IRQHandler                 0x080001f7   Thumb Code     0  startup_stm32f10x_hd.o(.text)
    DMA1_Channel4_IRQHandler                 0x080001f7   Thumb Code     0  startup_stm32f10x_hd.o(.text)
    DMA1_Channel5_IRQHandler                 0x080001f7   Thumb Code     0  startup_stm32f10x_hd.o(.text)
    DMA1_Channel6_IRQHandler                 0x080001f7   Thumb Code     0  startup_stm32f10x_hd.o(.text)
    DMA1_Channel7_IRQHandler                 0x080001f7   Thumb Code     0  startup_stm32f10x_hd.o(.text)
    DMA2_Channel1_IRQHandler                 0x080001f7   Thumb Code     0  startup_stm32f10x_hd.o(.text)
    DMA2_Channel2_IRQHandler                 0x080001f7   Thumb Code     0  startup_stm32f10x_hd.o(.text)
    DMA2_Channel3_IRQHandler                 0x080001f7   Thumb Code     0  startup_stm32f10x_hd.o(.text)
    DMA2_Channel4_5_IRQHandler               0x080001f7   Thumb Code     0  startup_stm32f10x_hd.o(.text)
    EXTI0_IRQHandler                         0x080001f7   Thumb Code     0  startup_stm32f10x_hd.o(.text)
    EXTI15_10_IRQHandler                     0x080001f7   Thumb Code     0  startup_stm32f10x_hd.o(.text)
    EXTI1_IRQHandler                         0x080001f7   Thumb Code     0  startup_stm32f10x_hd.o(.text)
    EXTI2_IRQHandler                         0x080001f7   Thumb Code     0  startup_stm32f10x_hd.o(.text)
    EXTI3_IRQHandler                         0x080001f7   Thumb Code     0  startup_stm32f10x_hd.o(.text)
    EXTI4_IRQHandler                         0x080001f7   Thumb Code     0  startup_stm32f10x_hd.o(.text)
    EXTI9_5_IRQHandler                       0x080001f7   Thumb Code     0  startup_stm32f10x_hd.o(.text)
    FLASH_IRQHandler                         0x080001f7   Thumb Code     0  startup_stm32f10x_hd.o(.text)
    FSMC_IRQHandler                          0x080001f7   Thumb Code     0  startup_stm32f10x_hd.o(.text)
    I2C1_ER_IRQHandler                       0x080001f7   Thumb Code     0  startup_stm32f10x_hd.o(.text)
    I2C1_EV_IRQHandler                       0x080001f7   Thumb Code     0  startup_stm32f10x_hd.o(.text)
    I2C2_ER_IRQHandler                       0x080001f7   Thumb Code     0  startup_stm32f10x_hd.o(.text)
    I2C2_EV_IRQHandler                       0x080001f7   Thumb Code     0  startup_stm32f10x_hd.o(.text)
    PVD_IRQHandler                           0x080001f7   Thumb Code     0  startup_stm32f10x_hd.o(.text)
    RCC_IRQHandler                           0x080001f7   Thumb Code     0  startup_stm32f10x_hd.o(.text)
    RTCAlarm_IRQHandler                      0x080001f7   Thumb Code     0  startup_stm32f10x_hd.o(.text)
    RTC_IRQHandler                           0x080001f7   Thumb Code     0  startup_stm32f10x_hd.o(.text)
    SDIO_IRQHandler                          0x080001f7   Thumb Code     0  startup_stm32f10x_hd.o(.text)
    SPI1_IRQHandler                          0x080001f7   Thumb Code     0  startup_stm32f10x_hd.o(.text)
    SPI2_IRQHandler                          0x080001f7   Thumb Code     0  startup_stm32f10x_hd.o(.text)
    SPI3_IRQHandler                          0x080001f7   Thumb Code     0  startup_stm32f10x_hd.o(.text)
    TAMPER_IRQHandler                        0x080001f7   Thumb Code     0  startup_stm32f10x_hd.o(.text)
    TIM1_BRK_IRQHandler                      0x080001f7   Thumb Code     0  startup_stm32f10x_hd.o(.text)
    TIM1_CC_IRQHandler                       0x080001f7   Thumb Code     0  startup_stm32f10x_hd.o(.text)
    TIM1_TRG_COM_IRQHandler                  0x080001f7   Thumb Code     0  startup_stm32f10x_hd.o(.text)
    TIM1_UP_IRQHandler                       0x080001f7   Thumb Code     0  startup_stm32f10x_hd.o(.text)
    TIM3_IRQHandler                          0x080001f7   Thumb Code     0  startup_stm32f10x_hd.o(.text)
    TIM4_IRQHandler                          0x080001f7   Thumb Code     0  startup_stm32f10x_hd.o(.text)
    TIM5_IRQHandler                          0x080001f7   Thumb Code     0  startup_stm32f10x_hd.o(.text)
    TIM6_IRQHandler                          0x080001f7   Thumb Code     0  startup_stm32f10x_hd.o(.text)
    TIM7_IRQHandler                          0x080001f7   Thumb Code     0  startup_stm32f10x_hd.o(.text)
    TIM8_BRK_IRQHandler                      0x080001f7   Thumb Code     0  startup_stm32f10x_hd.o(.text)
    TIM8_CC_IRQHandler                       0x080001f7   Thumb Code     0  startup_stm32f10x_hd.o(.text)
    TIM8_TRG_COM_IRQHandler                  0x080001f7   Thumb Code     0  startup_stm32f10x_hd.o(.text)
    TIM8_UP_IRQHandler                       0x080001f7   Thumb Code     0  startup_stm32f10x_hd.o(.text)
    UART4_IRQHandler                         0x080001f7   Thumb Code     0  startup_stm32f10x_hd.o(.text)
    UART5_IRQHandler                         0x080001f7   Thumb Code     0  startup_stm32f10x_hd.o(.text)
    USBWakeUp_IRQHandler                     0x080001f7   Thumb Code     0  startup_stm32f10x_hd.o(.text)
    USB_HP_CAN1_TX_IRQHandler                0x080001f7   Thumb Code     0  startup_stm32f10x_hd.o(.text)
    USB_LP_CAN1_RX0_IRQHandler               0x080001f7   Thumb Code     0  startup_stm32f10x_hd.o(.text)
    __aeabi_uldivmod                         0x08000201   Thumb Code    98  uldiv.o(.text)
    __aeabi_ldivmod                          0x08000263   Thumb Code    98  ldiv.o(.text)
    __aeabi_memcpy                           0x080002c5   Thumb Code    36  memcpya.o(.text)
    __aeabi_memcpy4                          0x080002c5   Thumb Code     0  memcpya.o(.text)
    __aeabi_memcpy8                          0x080002c5   Thumb Code     0  memcpya.o(.text)
    __aeabi_memset                           0x080002e9   Thumb Code    14  memseta.o(.text)
    __aeabi_memset4                          0x080002e9   Thumb Code     0  memseta.o(.text)
    __aeabi_memset8                          0x080002e9   Thumb Code     0  memseta.o(.text)
    __aeabi_memclr                           0x080002f7   Thumb Code     4  memseta.o(.text)
    __aeabi_memclr4                          0x080002f7   Thumb Code     0  memseta.o(.text)
    __aeabi_memclr8                          0x080002f7   Thumb Code     0  memseta.o(.text)
    _memset$wrapper                          0x080002fb   Thumb Code    18  memseta.o(.text)
    memcmp                                   0x0800030d   Thumb Code    26  memcmp.o(.text)
    __aeabi_fadd                             0x08000327   Thumb Code   164  fadd.o(.text)
    __aeabi_fsub                             0x080003cb   Thumb Code     6  fadd.o(.text)
    __aeabi_frsub                            0x080003d1   Thumb Code     6  fadd.o(.text)
    __aeabi_fmul                             0x080003d7   Thumb Code   100  fmul.o(.text)
    __aeabi_fdiv                             0x0800043b   Thumb Code   124  fdiv.o(.text)
    __aeabi_dadd                             0x080004b7   Thumb Code   322  dadd.o(.text)
    __aeabi_dsub                             0x080005f9   Thumb Code     6  dadd.o(.text)
    __aeabi_drsub                            0x080005ff   Thumb Code     6  dadd.o(.text)
    __aeabi_dmul                             0x08000605   Thumb Code   228  dmul.o(.text)
    __aeabi_ddiv                             0x080006e9   Thumb Code   222  ddiv.o(.text)
    __aeabi_i2f                              0x080007c7   Thumb Code    18  fflti.o(.text)
    __aeabi_ui2f                             0x080007d9   Thumb Code    10  ffltui.o(.text)
    __aeabi_i2d                              0x080007e3   Thumb Code    34  dflti.o(.text)
    __aeabi_ui2d                             0x08000805   Thumb Code    26  dfltui.o(.text)
    __aeabi_f2iz                             0x0800081f   Thumb Code    50  ffixi.o(.text)
    __aeabi_f2uiz                            0x08000851   Thumb Code    40  ffixui.o(.text)
    __aeabi_f2d                              0x08000879   Thumb Code    38  f2d.o(.text)
    __aeabi_cdcmpeq                          0x080008a1   Thumb Code     0  cdcmple.o(.text)
    __aeabi_cdcmple                          0x080008a1   Thumb Code    48  cdcmple.o(.text)
    __aeabi_d2f                              0x080008d1   Thumb Code    56  d2f.o(.text)
    __aeabi_cfcmpeq                          0x08000909   Thumb Code     0  cfcmple.o(.text)
    __aeabi_cfcmple                          0x08000909   Thumb Code    20  cfcmple.o(.text)
    __aeabi_cfrcmple                         0x0800091d   Thumb Code    20  cfrcmple.o(.text)
    __aeabi_llsl                             0x08000931   Thumb Code    30  llshl.o(.text)
    _ll_shift_l                              0x08000931   Thumb Code     0  llshl.o(.text)
    __aeabi_llsr                             0x0800094f   Thumb Code    32  llushr.o(.text)
    _ll_ushift_r                             0x0800094f   Thumb Code     0  llushr.o(.text)
    __aeabi_lasr                             0x0800096f   Thumb Code    36  llsshr.o(.text)
    _ll_sshift_r                             0x0800096f   Thumb Code     0  llsshr.o(.text)
    __I$use$fp                               0x08000993   Thumb Code     0  iusefp.o(.text)
    _float_round                             0x08000993   Thumb Code    18  fepilogue.o(.text)
    _float_epilogue                          0x080009a5   Thumb Code    92  fepilogue.o(.text)
    _double_round                            0x08000a01   Thumb Code    30  depilogue.o(.text)
    _double_epilogue                         0x08000a1f   Thumb Code   156  depilogue.o(.text)
    __scatterload                            0x08000abd   Thumb Code    28  init.o(.text)
    __scatterload_rt2                        0x08000abd   Thumb Code     0  init.o(.text)
    __ARM_scalbn                             0x08000ae1   Thumb Code    46  dscalb.o(.text)
    scalbn                                   0x08000ae1   Thumb Code     0  dscalb.o(.text)
    __decompress                             0x08000b0f   Thumb Code     0  __dczerorl2.o(.text)
    __decompress1                            0x08000b0f   Thumb Code    86  __dczerorl2.o(.text)
    APP_CommunicationService_Task            0x08000b65   Thumb Code   118  communicationmain.o(i.APP_CommunicationService_Task)
    APP_DriverService_Task                   0x08000c05   Thumb Code   104  driversmain.o(i.APP_DriverService_Task)
    APP_RobotRunControlService_Task          0x08000c8d   Thumb Code    80  robotruncontrolmain.o(i.APP_RobotRunControlService_Task)
    BusFault_Handler                         0x08000cf9   Thumb Code     4  stm32f10x_it.o(i.BusFault_Handler)
    CalculateAngleL                          0x08000cfd   Thumb Code   238  hub_motor.o(i.CalculateAngleL)
    CalculateAngleR                          0x08000df9   Thumb Code   246  hub_motor.o(i.CalculateAngleR)
    Checksum_XOR                             0x08000efd   Thumb Code    44  check.o(i.Checksum_XOR)
    CopeSerial3Data                          0x08000f29   Thumb Code    98  driversmain.o(i.CopeSerial3Data)
    Datecpy                                  0x08000f9d   Thumb Code    28  protocol.o(i.Datecpy)
    DebugMon_Handler                         0x08000fbd   Thumb Code     2  stm32f10x_it.o(i.DebugMon_Handler)
    GPIO_Configuration                       0x08000fc1   Thumb Code   256  gpio_config.o(i.GPIO_Configuration)
    GPIO_Init                                0x080010dd   Thumb Code   278  stm32f10x_gpio.o(i.GPIO_Init)
    GPIO_PinRemapConfig                      0x080011f5   Thumb Code   138  stm32f10x_gpio.o(i.GPIO_PinRemapConfig)
    GPIO_ReadInputDataBit                    0x08001285   Thumb Code    18  stm32f10x_gpio.o(i.GPIO_ReadInputDataBit)
    GPIO_SetBits                             0x08001297   Thumb Code     4  stm32f10x_gpio.o(i.GPIO_SetBits)
    GPIO_ToggleBits                          0x0800129b   Thumb Code     8  driversmain.o(i.GPIO_ToggleBits)
    GPIO_WriteBit                            0x080012a3   Thumb Code    10  stm32f10x_gpio.o(i.GPIO_WriteBit)
    GetBasicSensorData                       0x080012ad   Thumb Code    98  driversmain.o(i.GetBasicSensorData)
    GetCollectData                           0x08001325   Thumb Code    50  mpu6050manage.o(i.GetCollectData)
    GetCount                                 0x08001359   Thumb Code    96  hub_motor.o(i.GetCount)
    GetGYROData                              0x080013d5   Thumb Code   136  driversmain.o(i.GetGYROData)
    GetLeftDirection                         0x0800146d   Thumb Code     8  motorcontrol.o(i.GetLeftDirection)
    GetRightDirection                        0x08001479   Thumb Code     8  motorcontrol.o(i.GetRightDirection)
    GetRobotRunDIRSpeed                      0x08001485   Thumb Code   712  rundeal.o(i.GetRobotRunDIRSpeed)
    HardFault_Handler                        0x08001761   Thumb Code     4  stm32f10x_it.o(i.HardFault_Handler)
    Hub_motor_Init                           0x08001765   Thumb Code    38  hub_motor.o(i.Hub_motor_Init)
    InitMpu6050                              0x08001799   Thumb Code    76  mpu6050manage.o(i.InitMpu6050)
    Init_TimeParameters                      0x08001805   Thumb Code    42  main.o(i.Init_TimeParameters)
    MPU6050_InitGyro_Offset                  0x08001875   Thumb Code   108  mpu6050manage.o(i.MPU6050_InitGyro_Offset)
    MPU_Get_Accelerometer                    0x080018ed   Thumb Code    80  mpu6050.o(i.MPU_Get_Accelerometer)
    MPU_Get_Gyroscope                        0x0800193d   Thumb Code   116  mpu6050.o(i.MPU_Get_Gyroscope)
    MPU_IIC_Ack                              0x080019bd   Thumb Code    62  myiic.o(i.MPU_IIC_Ack)
    MPU_IIC_Delay                            0x08001a09   Thumb Code    10  myiic.o(i.MPU_IIC_Delay)
    MPU_IIC_Init                             0x08001a15   Thumb Code    46  myiic.o(i.MPU_IIC_Init)
    MPU_IIC_NAck                             0x08001a49   Thumb Code    62  myiic.o(i.MPU_IIC_NAck)
    MPU_IIC_Read_Byte                        0x08001a95   Thumb Code    94  myiic.o(i.MPU_IIC_Read_Byte)
    MPU_IIC_Send_Byte                        0x08001b01   Thumb Code    80  myiic.o(i.MPU_IIC_Send_Byte)
    MPU_IIC_Start                            0x08001b5d   Thumb Code    60  myiic.o(i.MPU_IIC_Start)
    MPU_IIC_Stop                             0x08001ba5   Thumb Code    58  myiic.o(i.MPU_IIC_Stop)
    MPU_IIC_Wait_Ack                         0x08001bed   Thumb Code    86  myiic.o(i.MPU_IIC_Wait_Ack)
    MPU_Init                                 0x08001c51   Thumb Code   122  mpu6050.o(i.MPU_Init)
    MPU_Read_Byte                            0x08001ccb   Thumb Code    58  mpu6050.o(i.MPU_Read_Byte)
    MPU_Read_Len                             0x08001d05   Thumb Code   116  mpu6050.o(i.MPU_Read_Len)
    MPU_Set_Accel_Fsr                        0x08001d79   Thumb Code    16  mpu6050.o(i.MPU_Set_Accel_Fsr)
    MPU_Set_Gyro_Fsr                         0x08001d89   Thumb Code    16  mpu6050.o(i.MPU_Set_Gyro_Fsr)
    MPU_Set_LPF                              0x08001d99   Thumb Code    58  mpu6050.o(i.MPU_Set_LPF)
    MPU_Set_Rate                             0x08001dd3   Thumb Code    58  mpu6050.o(i.MPU_Set_Rate)
    MPU_Write_Byte                           0x08001e0d   Thumb Code    68  mpu6050.o(i.MPU_Write_Byte)
    MPU_Write_Len                            0x08001e51   Thumb Code    96  mpu6050.o(i.MPU_Write_Len)
    MemManage_Handler                        0x08001eb1   Thumb Code     4  stm32f10x_it.o(i.MemManage_Handler)
    Motor_heartbeat                          0x08001eb5   Thumb Code    84  hub_motor.o(i.Motor_heartbeat)
    Motor_response                           0x08001f1d   Thumb Code   130  hub_motor.o(i.Motor_response)
    NMI_Handler                              0x0800202d   Thumb Code     2  stm32f10x_it.o(i.NMI_Handler)
    NVIC_Init                                0x08002031   Thumb Code   100  misc.o(i.NVIC_Init)
    NVIC_PriorityGroupConfig                 0x080020a1   Thumb Code    10  misc.o(i.NVIC_PriorityGroupConfig)
    RCC_APB1PeriphClockCmd                   0x080020b5   Thumb Code    26  stm32f10x_rcc.o(i.RCC_APB1PeriphClockCmd)
    RCC_APB2PeriphClockCmd                   0x080020d5   Thumb Code    26  stm32f10x_rcc.o(i.RCC_APB2PeriphClockCmd)
    RCC_GetClocksFreq                        0x080020f5   Thumb Code   192  stm32f10x_rcc.o(i.RCC_GetClocksFreq)
    RS485_Send_Data                          0x080021c9   Thumb Code    44  rs485.o(i.RS485_Send_Data)
    ReadAngleData                            0x080021f5   Thumb Code    38  hub_motor.o(i.ReadAngleData)
    Read_angle                               0x08002221   Thumb Code    14  hub_motor.o(i.Read_angle)
    Recive_angle_data                        0x08002235   Thumb Code   140  hub_motor.o(i.Recive_angle_data)
    SendDateToUSART1                         0x080022c9   Thumb Code    54  communicationmain.o(i.SendDateToUSART1)
    Start_Task                               0x080027ed   Thumb Code    88  main.o(i.Start_Task)
    SysTick_CLKSourceConfig                  0x080028b9   Thumb Code    40  misc.o(i.SysTick_CLKSourceConfig)
    SysTick_Handler                          0x080028e1   Thumb Code    16  delay.o(i.SysTick_Handler)
    SystemInit                               0x080028f1   Thumb Code    78  system_stm32f10x.o(i.SystemInit)
    TIM2_IRQHandler                          0x08002951   Thumb Code   318  encoder.o(i.TIM2_IRQHandler)
    TIM_ClearITPendingBit                    0x08002ab5   Thumb Code     6  stm32f10x_tim.o(i.TIM_ClearITPendingBit)
    TIM_GetITStatus                          0x08002abb   Thumb Code    34  stm32f10x_tim.o(i.TIM_GetITStatus)
    Timestampcalc                            0x08002add   Thumb Code    42  driversmain.o(i.Timestampcalc)
    TransportProtocol_Init                   0x08002b09   Thumb Code    22  protocol.o(i.TransportProtocol_Init)
    TransportProtocol_Unpacked               0x08002b9d   Thumb Code   136  protocol.o(i.TransportProtocol_Unpacked)
    UART1_task                               0x08002c3d   Thumb Code   204  protocol.o(i.UART1_task)
    USART1_IRQHandler                        0x08002d25   Thumb Code    68  usart.o(i.USART1_IRQHandler)
    USART2_IRQHandler                        0x08002d71   Thumb Code    50  rs485.o(i.USART2_IRQHandler)
    USART2_Init                              0x08002db1   Thumb Code   176  rs485.o(i.USART2_Init)
    USART3_IRQHandler                        0x08002e69   Thumb Code    70  usart.o(i.USART3_IRQHandler)
    USART_ClearFlag                          0x08002eb5   Thumb Code    18  stm32f10x_usart.o(i.USART_ClearFlag)
    USART_ClearITPendingBit                  0x08002ec7   Thumb Code    30  stm32f10x_usart.o(i.USART_ClearITPendingBit)
    USART_Cmd                                0x08002ee5   Thumb Code    24  stm32f10x_usart.o(i.USART_Cmd)
    USART_GetFlagStatus                      0x08002efd   Thumb Code    26  stm32f10x_usart.o(i.USART_GetFlagStatus)
    USART_GetITStatus                        0x08002f17   Thumb Code    84  stm32f10x_usart.o(i.USART_GetITStatus)
    USART_ITConfig                           0x08002f6b   Thumb Code    74  stm32f10x_usart.o(i.USART_ITConfig)
    USART_Init                               0x08002fb5   Thumb Code   210  stm32f10x_usart.o(i.USART_Init)
    USART_ReceiveData                        0x0800308d   Thumb Code    10  stm32f10x_usart.o(i.USART_ReceiveData)
    USART_SendData                           0x08003097   Thumb Code     8  stm32f10x_usart.o(i.USART_SendData)
    Update_TextToSend                        0x080030a1   Thumb Code   138  protocol.o(i.Update_TextToSend)
    UsageFault_Handler                       0x08003135   Thumb Code     4  stm32f10x_it.o(i.UsageFault_Handler)
    WWDG_ClearFlag                           0x08003139   Thumb Code     8  stm32f10x_wwdg.o(i.WWDG_ClearFlag)
    WWDG_Enable                              0x08003145   Thumb Code    10  stm32f10x_wwdg.o(i.WWDG_Enable)
    WWDG_EnableIT                            0x08003155   Thumb Code     8  stm32f10x_wwdg.o(i.WWDG_EnableIT)
    WWDG_IRQHandler                          0x08003161   Thumb Code    38  driversmain.o(i.WWDG_IRQHandler)
    WWDG_Init                                0x08003191   Thumb Code    60  driversmain.o(i.WWDG_Init)
    WWDG_NVIC_Init                           0x080031d1   Thumb Code    30  driversmain.o(i.WWDG_NVIC_Init)
    WWDG_SetCounter                          0x080031f1   Thumb Code    10  stm32f10x_wwdg.o(i.WWDG_SetCounter)
    WWDG_SetPrescaler                        0x08003201   Thumb Code    18  stm32f10x_wwdg.o(i.WWDG_SetPrescaler)
    WWDG_SetWindowValue                      0x08003219   Thumb Code    34  stm32f10x_wwdg.o(i.WWDG_SetWindowValue)
    __0printf$8                              0x08003241   Thumb Code    22  printf8.o(i.__0printf$8)
    __1printf$8                              0x08003241   Thumb Code     0  printf8.o(i.__0printf$8)
    __2printf                                0x08003241   Thumb Code     0  printf8.o(i.__0printf$8)
    __ARM_fpclassify                         0x08003261   Thumb Code    40  fpclassify.o(i.__ARM_fpclassify)
    __kernel_poly                            0x08003289   Thumb Code   170  poly.o(i.__kernel_poly)
    __mathlib_dbl_infnan                     0x08003333   Thumb Code     6  dunder.o(i.__mathlib_dbl_infnan)
    __mathlib_dbl_infnan2                    0x08003339   Thumb Code     4  dunder.o(i.__mathlib_dbl_infnan2)
    __mathlib_dbl_underflow                  0x0800333d   Thumb Code    10  dunder.o(i.__mathlib_dbl_underflow)
    __scatterload_copy                       0x0800334d   Thumb Code    14  handlers.o(i.__scatterload_copy)
    __scatterload_null                       0x0800335b   Thumb Code     2  handlers.o(i.__scatterload_null)
    __scatterload_zeroinit                   0x0800335d   Thumb Code    14  handlers.o(i.__scatterload_zeroinit)
    atan                                     0x08003879   Thumb Code   474  atan.o(i.atan)
    atan2                                    0x08003a99   Thumb Code   346  atan2.o(i.atan2)
    delay_init                               0x08003cc9   Thumb Code    74  delay.o(i.delay_init)
    delay_ms                                 0x08003d25   Thumb Code    60  delay.o(i.delay_ms)
    delay_us                                 0x08003d65   Thumb Code    68  delay.o(i.delay_us)
    dmp_enable_6x_lp_quat                    0x08003dad   Thumb Code    60  inv_mpu_dmp_motion_driver.o(i.dmp_enable_6x_lp_quat)
    dmp_enable_feature                       0x08003de9   Thumb Code   530  inv_mpu_dmp_motion_driver.o(i.dmp_enable_feature)
    dmp_enable_gyro_cal                      0x08004005   Thumb Code    62  inv_mpu_dmp_motion_driver.o(i.dmp_enable_gyro_cal)
    dmp_enable_lp_quat                       0x0800405d   Thumb Code    60  inv_mpu_dmp_motion_driver.o(i.dmp_enable_lp_quat)
    dmp_load_motion_driver_firmware          0x08004099   Thumb Code    20  inv_mpu_dmp_motion_driver.o(i.dmp_load_motion_driver_firmware)
    dmp_read_fifo                            0x080040b1   Thumb Code   456  inv_mpu_dmp_motion_driver.o(i.dmp_read_fifo)
    dmp_set_accel_bias                       0x0800427d   Thumb Code   300  inv_mpu_dmp_motion_driver.o(i.dmp_set_accel_bias)
    dmp_set_fifo_rate                        0x080043ad   Thumb Code    96  inv_mpu_dmp_motion_driver.o(i.dmp_set_fifo_rate)
    dmp_set_gyro_bias                        0x0800441d   Thumb Code   294  inv_mpu_dmp_motion_driver.o(i.dmp_set_gyro_bias)
    dmp_set_orientation                      0x0800454d   Thumb Code   290  inv_mpu_dmp_motion_driver.o(i.dmp_set_orientation)
    dmp_set_shake_reject_thresh              0x08004685   Thumb Code    56  inv_mpu_dmp_motion_driver.o(i.dmp_set_shake_reject_thresh)
    dmp_set_shake_reject_time                0x080046bd   Thumb Code    38  inv_mpu_dmp_motion_driver.o(i.dmp_set_shake_reject_time)
    dmp_set_shake_reject_timeout             0x080046e3   Thumb Code    38  inv_mpu_dmp_motion_driver.o(i.dmp_set_shake_reject_timeout)
    dmp_set_tap_axes                         0x08004709   Thumb Code    70  inv_mpu_dmp_motion_driver.o(i.dmp_set_tap_axes)
    dmp_set_tap_count                        0x0800474f   Thumb Code    38  inv_mpu_dmp_motion_driver.o(i.dmp_set_tap_count)
    dmp_set_tap_thresh                       0x08004775   Thumb Code   396  inv_mpu_dmp_motion_driver.o(i.dmp_set_tap_thresh)
    dmp_set_tap_time                         0x08004915   Thumb Code    38  inv_mpu_dmp_motion_driver.o(i.dmp_set_tap_time)
    dmp_set_tap_time_multi                   0x0800493b   Thumb Code    38  inv_mpu_dmp_motion_driver.o(i.dmp_set_tap_time_multi)
    fputc                                    0x08004961   Thumb Code    24  usart.o(i.fputc)
    inv_orientation_matrix_to_scalar         0x08004fb1   Thumb Code    40  inv_mpu.o(i.inv_orientation_matrix_to_scalar)
    inv_row_2_scale                          0x08004fd9   Thumb Code    78  inv_mpu.o(i.inv_row_2_scale)
    main                                     0x08005029   Thumb Code    44  main.o(i.main)
    mget_ms                                  0x08005069   Thumb Code     2  inv_mpu.o(i.mget_ms)
    motor_run                                0x0800506d   Thumb Code   132  hub_motor.o(i.motor_run)
    mpu_configure_fifo                       0x08005105   Thumb Code   106  inv_mpu.o(i.mpu_configure_fifo)
    mpu_dmp_get_data                         0x08005175   Thumb Code   372  inv_mpu.o(i.mpu_dmp_get_data)
    mpu_dmp_init                             0x080052f9   Thumb Code   146  inv_mpu.o(i.mpu_dmp_init)
    mpu_get_accel_fsr                        0x08005391   Thumb Code    72  inv_mpu.o(i.mpu_get_accel_fsr)
    mpu_get_accel_sens                       0x080053dd   Thumb Code    78  inv_mpu.o(i.mpu_get_accel_sens)
    mpu_get_fifo_config                      0x08005431   Thumb Code    12  inv_mpu.o(i.mpu_get_fifo_config)
    mpu_get_gyro_fsr                         0x08005441   Thumb Code    64  inv_mpu.o(i.mpu_get_gyro_fsr)
    mpu_get_gyro_sens                        0x08005485   Thumb Code    58  inv_mpu.o(i.mpu_get_gyro_sens)
    mpu_get_lpf                              0x080054d5   Thumb Code    74  inv_mpu.o(i.mpu_get_lpf)
    mpu_get_sample_rate                      0x08005525   Thumb Code    26  inv_mpu.o(i.mpu_get_sample_rate)
    mpu_init                                 0x08005545   Thumb Code   416  inv_mpu.o(i.mpu_init)
    mpu_load_firmware                        0x08005735   Thumb Code   180  inv_mpu.o(i.mpu_load_firmware)
    mpu_lp_accel_mode                        0x080057ed   Thumb Code   218  inv_mpu.o(i.mpu_lp_accel_mode)
    mpu_read_fifo_stream                     0x080058cd   Thumb Code   186  inv_mpu.o(i.mpu_read_fifo_stream)
    mpu_read_mem                             0x0800598d   Thumb Code   122  inv_mpu.o(i.mpu_read_mem)
    mpu_reset_fifo                           0x08005a0d   Thumb Code   450  inv_mpu.o(i.mpu_reset_fifo)
    mpu_run_self_test                        0x08005bd5   Thumb Code   278  inv_mpu.o(i.mpu_run_self_test)
    mpu_set_accel_fsr                        0x08005cf1   Thumb Code   126  inv_mpu.o(i.mpu_set_accel_fsr)
    mpu_set_bypass                           0x08005d75   Thumb Code   328  inv_mpu.o(i.mpu_set_bypass)
    mpu_set_dmp_state                        0x08005ec1   Thumb Code   138  inv_mpu.o(i.mpu_set_dmp_state)
    mpu_set_gyro_fsr                         0x08005f51   Thumb Code   132  inv_mpu.o(i.mpu_set_gyro_fsr)
    mpu_set_int_latched                      0x08005fd9   Thumb Code   102  inv_mpu.o(i.mpu_set_int_latched)
    mpu_set_lpf                              0x08006045   Thumb Code   126  inv_mpu.o(i.mpu_set_lpf)
    mpu_set_sample_rate                      0x080060c9   Thumb Code   152  inv_mpu.o(i.mpu_set_sample_rate)
    mpu_set_sensors                          0x08006165   Thumb Code   202  inv_mpu.o(i.mpu_set_sensors)
    mpu_write_mem                            0x08006235   Thumb Code   122  inv_mpu.o(i.mpu_write_mem)
    pvPortMalloc                             0x08006da9   Thumb Code   262  heap_4.o(i.pvPortMalloc)
    pvTaskIncrementMutexHeldCount            0x08006efd   Thumb Code    26  tasks.o(i.pvTaskIncrementMutexHeldCount)
    pxPortInitialiseStack                    0x08006f1d   Thumb Code    30  port.o(i.pxPortInitialiseStack)
    run_self_test                            0x08006f41   Thumb Code   148  inv_mpu.o(i.run_self_test)
    set_hub_motor_dir                        0x08006fd5   Thumb Code    10  hub_motor.o(i.set_hub_motor_dir)
    set_hub_motor_speed                      0x08006fe9   Thumb Code    10  hub_motor.o(i.set_hub_motor_speed)
    uart_init                                0x0800708d   Thumb Code   102  usart.o(i.uart_init)
    uxListRemove                             0x080070f9   Thumb Code    40  list.o(i.uxListRemove)
    vListInitialise                          0x08007121   Thumb Code    26  list.o(i.vListInitialise)
    vListInitialiseItem                      0x0800713b   Thumb Code     6  list.o(i.vListInitialiseItem)
    vListInsert                              0x08007141   Thumb Code    52  list.o(i.vListInsert)
    vListInsertEnd                           0x08007175   Thumb Code    24  list.o(i.vListInsertEnd)
    vPortEnterCritical                       0x0800718d   Thumb Code    68  port.o(i.vPortEnterCritical)
    vPortExitCritical                        0x08007215   Thumb Code    48  port.o(i.vPortExitCritical)
    vPortFree                                0x08007285   Thumb Code   120  heap_4.o(i.vPortFree)
    vPortSetupTimerInterrupt                 0x0800733d   Thumb Code    24  port.o(i.vPortSetupTimerInterrupt)
    vPortValidateInterruptPriority           0x08007359   Thumb Code    86  port.o(i.vPortValidateInterruptPriority)
    vQueueAddToRegistry                      0x080073f9   Thumb Code    38  queue.o(i.vQueueAddToRegistry)
    vQueueWaitForMessageRestricted           0x08007425   Thumb Code    74  queue.o(i.vQueueWaitForMessageRestricted)
    vTaskDelay                               0x08007471   Thumb Code    72  tasks.o(i.vTaskDelay)
    vTaskDelete                              0x080074e5   Thumb Code   192  tasks.o(i.vTaskDelete)
    vTaskMissedYield                         0x080075f1   Thumb Code     8  tasks.o(i.vTaskMissedYield)
    vTaskPlaceOnEventList                    0x080075fd   Thumb Code    42  tasks.o(i.vTaskPlaceOnEventList)
    vTaskPlaceOnEventListRestricted          0x08007651   Thumb Code    50  tasks.o(i.vTaskPlaceOnEventListRestricted)
    vTaskPriorityInherit                     0x080076ad   Thumb Code   164  tasks.o(i.vTaskPriorityInherit)
    vTaskSetTimeOutState                     0x0800775d   Thumb Code    32  tasks.o(i.vTaskSetTimeOutState)
    vTaskStartScheduler                      0x080077a9   Thumb Code   108  tasks.o(i.vTaskStartScheduler)
    vTaskSuspendAll                          0x08007855   Thumb Code    12  tasks.o(i.vTaskSuspendAll)
    vTaskSwitchContext                       0x08007865   Thumb Code   110  tasks.o(i.vTaskSwitchContext)
    xPortStartScheduler                      0x0800790d   Thumb Code   140  port.o(i.xPortStartScheduler)
    xPortSysTickHandler                      0x080079ad   Thumb Code    46  port.o(i.xPortSysTickHandler)
    xQueueGenericCreate                      0x080079e1   Thumb Code    78  queue.o(i.xQueueGenericCreate)
    xQueueGenericReceive                     0x08007a55   Thumb Code   416  queue.o(i.xQueueGenericReceive)
    xQueueGenericReset                       0x08007c1d   Thumb Code   136  queue.o(i.xQueueGenericReset)
    xQueueGenericSend                        0x08007ccd   Thumb Code   412  queue.o(i.xQueueGenericSend)
    xQueueGenericSendFromISR                 0x08007e91   Thumb Code   234  queue.o(i.xQueueGenericSendFromISR)
    xTaskCheckForTimeOut                     0x08007fa1   Thumb Code   116  tasks.o(i.xTaskCheckForTimeOut)
    xTaskCreate                              0x08008041   Thumb Code    96  tasks.o(i.xTaskCreate)
    xTaskGetSchedulerState                   0x080080a1   Thumb Code    24  tasks.o(i.xTaskGetSchedulerState)
    xTaskGetTickCount                        0x080080c1   Thumb Code     6  tasks.o(i.xTaskGetTickCount)
    xTaskIncrementTick                       0x080080cd   Thumb Code   272  tasks.o(i.xTaskIncrementTick)
    xTaskPriorityDisinherit                  0x0800822d   Thumb Code   168  tasks.o(i.xTaskPriorityDisinherit)
    xTaskRemoveFromEventList                 0x08008305   Thumb Code   118  tasks.o(i.xTaskRemoveFromEventList)
    xTaskResumeAll                           0x080083b9   Thumb Code   214  tasks.o(i.xTaskResumeAll)
    xTimerCreateTimerTask                    0x080084d9   Thumb Code    56  timers.o(i.xTimerCreateTimerTask)
    xTimerGenericCommand                     0x0800854d   Thumb Code   118  timers.o(i.xTimerGenericCommand)
    reg                                      0x080085f0   Data          27  inv_mpu.o(.constdata)
    hw                                       0x0800860c   Data          12  inv_mpu.o(.constdata)
    test                                     0x08008618   Data          40  inv_mpu.o(.constdata)
    perimeter                                0x08009238   Data           4  driversmain.o(.constdata)
    WHEEL_RADIUS                             0x0800923c   Data           4  driversmain.o(.constdata)
    PlusePerRound                            0x08009240   Data           2  driversmain.o(.constdata)
    b                                        0x08009244   Data           4  driversmain.o(.constdata)
    __mathlib_zero                           0x080092e0   Data           8  qnan.o(.constdata)
    Region$$Table$$Base                      0x08009338   Number         0  anon$$obj.o(Region$$Table)
    Region$$Table$$Limit                     0x08009358   Number         0  anon$$obj.o(Region$$Table)
    StartTask_Handler                        0x20000000   Data           4  main.o(.data)
    DriverService_TASK_Handler               0x20000004   Data           4  main.o(.data)
    CommunicationService_TASK_Handler        0x20000008   Data           4  main.o(.data)
    RobotRunControlService_TASK_Handler      0x2000000c   Data           4  main.o(.data)
    DriverService_InitComplete_Flage         0x20000010   Data           1  main.o(.data)
    RobotRunService_InitComplete_Flage       0x20000011   Data           1  main.o(.data)
    Communication_InitComplete_Flage         0x20000012   Data           1  main.o(.data)
    g_aac                                    0x2000004a   Data           6  mpu6050manage.o(.data)
    g_gyro                                   0x20000050   Data           6  mpu6050manage.o(.data)
    Gx_offset                                0x20000056   Data           2  mpu6050manage.o(.data)
    Gy_offset                                0x20000058   Data           2  mpu6050manage.o(.data)
    Gz_offset                                0x2000005a   Data           2  mpu6050manage.o(.data)
    pxCurrentTCB                             0x2000005c   Data           4  tasks.o(.data)
    SystemCoreClock                          0x200000d0   Data           4  system_stm32f10x.o(.data)
    AHBPrescTable                            0x200000d4   Data          16  system_stm32f10x.o(.data)
    __stdout                                 0x200000fc   Data           4  usart.o(.data)
    USART1_RX_STA                            0x20000100   Data           2  usart.o(.data)
    USART1_RX_CNT                            0x20000102   Data           2  usart.o(.data)
    SREF                                     0x20000104   Data           1  usart.o(.data)
    CRCF                                     0x20000105   Data           1  usart.o(.data)
    LEN                                      0x20000106   Data           2  usart.o(.data)
    UART1_RX_ph                              0x20000108   Data           2  usart.o(.data)
    UART1_RX_pe                              0x2000010a   Data           2  usart.o(.data)
    g_USART1SendCompleteflag                 0x2000010c   Data           1  usart.o(.data)
    U2TxCounter                              0x2000010d   Data           1  usart.o(.data)
    U2count                                  0x2000010e   Data           1  usart.o(.data)
    counter                                  0x2000010f   Data           1  usart.o(.data)
    sign                                     0x20000110   Data           1  usart.o(.data)
    oldsystime                               0x20000114   Data           4  driversmain.o(.data)
    gsTimeStamp                              0x20000118   Data           2  driversmain.o(.data)
    wwdgcont                                 0x2000011c   Data           2  driversmain.o(.data)
    stcAcc                                   0x2000011e   Data           8  driversmain.o(.data)
    stcGyro                                  0x20000126   Data           8  driversmain.o(.data)
    stcAngle                                 0x2000012e   Data           8  driversmain.o(.data)
    stcMag                                   0x20000136   Data           8  driversmain.o(.data)
    gAac                                     0x2000013e   Data           6  driversmain.o(.data)
    gGyro                                    0x20000144   Data           6  driversmain.o(.data)
    gyro                                     0x2000014a   Data           6  driversmain.o(.data)
    accel                                    0x20000150   Data           6  driversmain.o(.data)
    g_leftdirection                          0x20000158   Data           4  motorcontrol.o(.data)
    g_rightdirection                         0x2000015c   Data           4  motorcontrol.o(.data)
    g_leftspeed                              0x20000160   Data           4  motorcontrol.o(.data)
    g_rightspeed                             0x20000164   Data           4  motorcontrol.o(.data)
    LefWheeltDIR                             0x20000168   Data           1  motorcontrol.o(.data)
    RightWheelDIR                            0x20000169   Data           1  motorcontrol.o(.data)
    Left_TurningFlag                         0x2000016a   Data           1  motorcontrol.o(.data)
    Right_TurningFlag                        0x2000016b   Data           1  motorcontrol.o(.data)
    Last_LefWheeltDIR                        0x2000016c   Data           1  motorcontrol.o(.data)
    Last_RightWheelDIR                       0x2000016d   Data           1  motorcontrol.o(.data)
    sys_time                                 0x20000170   Data           8  encoder.o(.data)
    CCR1_Val                                 0x20000178   Data           2  encoder.o(.data)
    gsLeft_Pulse                             0x2000017a   Data           2  encoder.o(.data)
    gsRight_Pulse                            0x2000017c   Data           2  encoder.o(.data)
    right_lasttime                           0x20000180   Data           4  encoder.o(.data)
    left_lasttime                            0x20000184   Data           4  encoder.o(.data)
    TimeOutfalg                              0x20000188   Data           1  encoder.o(.data)
    gsLETF_MotorSpeed                        0x2000018c   Data           2  robotruncontrolmain.o(.data)
    gsRIGHT_MotorSpeed                       0x2000018e   Data           2  robotruncontrolmain.o(.data)
    FastSpeed                                0x20000190   Data           4  rundeal.o(.data)
    SlowSpeed                                0x20000194   Data           4  rundeal.o(.data)
    gs_Left_PWM                              0x20000198   Data           2  rundeal.o(.data)
    gs_Right_PWM                             0x2000019a   Data           2  rundeal.o(.data)
    CCR3_Val                                 0x2000019c   Data           2  communicationmain.o(.data)
    Date_pose                                0x200001a0   Data           4  communicationmain.o(.data)
    Length_TEXT_TO_SEND                      0x200001a4   Data           1  communicationmain.o(.data)
    Infrared_Docking                         0x200001a6   Data           3  protocol.o(.data)
    GYRO_Angle                               0x200001a9   Data           7  protocol.o(.data)
    CliffSensorData                          0x200001b0   Data           6  protocol.o(.data)
    WheelCurrentData                         0x200001b6   Data           2  protocol.o(.data)
    gsRadiusVal                              0x200001b8   Data           2  protocol.o(.data)
    gsRunSpeed                               0x200001ba   Data           2  protocol.o(.data)
    ReceiveSpeedTimeOut                      0x200001bc   Data           2  protocol.o(.data)
    ReceiveMusicOrder                        0x200001be   Data           1  protocol.o(.data)
    Pack_flag                                0x200001bf   Data           1  protocol.o(.data)
    inst                                     0x200001c4   Data           6  hub_motor.o(.data)
    Flag_lock_R                              0x200001ca   Data           1  hub_motor.o(.data)
    Flag_lock_L                              0x200001cb   Data           1  hub_motor.o(.data)
    last_angle_r                             0x200001cc   Data           2  hub_motor.o(.data)
    now_angle_r                              0x200001ce   Data           2  hub_motor.o(.data)
    last_angle_l                             0x200001d0   Data           2  hub_motor.o(.data)
    now_angle_l                              0x200001d2   Data           2  hub_motor.o(.data)
    DirectR                                  0x200001d4   Data           1  hub_motor.o(.data)
    DirectL                                  0x200001d5   Data           1  hub_motor.o(.data)
    uSpeedL                                  0x200001d6   Data           2  hub_motor.o(.data)
    uSpeedR                                  0x200001d8   Data           2  hub_motor.o(.data)
    frist_measure_r                          0x200001da   Data           1  hub_motor.o(.data)
    frist_measure_l                          0x200001db   Data           1  hub_motor.o(.data)
    RS485_RX_CNT                             0x200001dc   Data           1  rs485.o(.data)
    xQueueRegistry                           0x200001f0   Data          64  queue.o(.bss)
    USART1_TX_BUF                            0x20003f84   Data         256  usart.o(.bss)
    UART1_RX_BUF                             0x20004084   Data         256  usart.o(.bss)
    TEMPBUF                                  0x20004184   Data         256  usart.o(.bss)
    U2TxBuffer                               0x20004284   Data         256  usart.o(.bss)
    USART3_RX_BUF                            0x20004384   Data          50  usart.o(.bss)
    Re_buf                                   0x200043b6   Data          11  usart.o(.bss)
    Temp                                     0x200043c1   Data          11  usart.o(.bss)
    gAngle                                   0x200043cc   Data          12  driversmain.o(.bss)
    angle                                    0x200043d8   Data          12  driversmain.o(.bss)
    TmpBuf                                   0x200044de   Data         250  communicationmain.o(.bss)
    SendBuf                                  0x200045d8   Data        1024  communicationmain.o(.bss)
    TEXT_TO_SEND                             0x200049d8   Data         250  communicationmain.o(.bss)
    TransportProtocol                        0x20004ad2   Data           9  communicationmain.o(.bss)
    TransportProtocol_Manager                0x20004adc   Data          30  protocol.o(.bss)
    BasicSensor                              0x20004afa   Data          16  protocol.o(.bss)
    GYRO_OriginalData                        0x20004b0a   Data          20  protocol.o(.bss)
    General_Input                            0x20004b1e   Data          16  protocol.o(.bss)
    parm_tx                                  0x20004b2e   Data           9  hub_motor.o(.bss)
    res                                      0x20004b37   Data          15  hub_motor.o(.bss)
    RS485_RX_BUF                             0x20004b46   Data          64  rs485.o(.bss)
    __initial_sp                             0x20004f88   Data           0  startup_stm32f10x_hd.o(STACK)



==============================================================================

Memory Map of the image

  Image Entry point : 0x08000131

  Load Region LR_IROM1 (Base: 0x08000000, Size: 0x00009538, Max: 0x00040000, ABSOLUTE, COMPRESSED[0x0000939c])

    Execution Region ER_IROM1 (Exec base: 0x08000000, Load base: 0x08000000, Size: 0x00009358, Max: 0x00040000, ABSOLUTE)

    Exec Addr    Load Addr    Size         Type   Attr      Idx    E Section Name        Object

    0x08000000   0x08000000   0x00000130   Data   RO          224    RESET               startup_stm32f10x_hd.o
    0x08000130   0x08000130   0x00000000   Code   RO         5842  * .ARM.Collect$$$$00000000  mc_w.l(entry.o)
    0x08000130   0x08000130   0x00000004   Code   RO         6183    .ARM.Collect$$$$00000001  mc_w.l(entry2.o)
    0x08000134   0x08000134   0x00000004   Code   RO         6186    .ARM.Collect$$$$00000004  mc_w.l(entry5.o)
    0x08000138   0x08000138   0x00000000   Code   RO         6188    .ARM.Collect$$$$00000008  mc_w.l(entry7b.o)
    0x08000138   0x08000138   0x00000000   Code   RO         6190    .ARM.Collect$$$$0000000A  mc_w.l(entry8b.o)
    0x08000138   0x08000138   0x00000008   Code   RO         6191    .ARM.Collect$$$$0000000B  mc_w.l(entry9a.o)
    0x08000140   0x08000140   0x00000000   Code   RO         6193    .ARM.Collect$$$$0000000D  mc_w.l(entry10a.o)
    0x08000140   0x08000140   0x00000000   Code   RO         6195    .ARM.Collect$$$$0000000F  mc_w.l(entry11a.o)
    0x08000140   0x08000140   0x00000004   Code   RO         6184    .ARM.Collect$$$$00002712  mc_w.l(entry2.o)
    0x08000144   0x08000144   0x00000096   Code   RO         1822    .emb_text           port.o
    0x080001da   0x080001da   0x00000002   PAD
    0x080001dc   0x080001dc   0x00000024   Code   RO          225    .text               startup_stm32f10x_hd.o
    0x08000200   0x08000200   0x00000062   Code   RO         5845    .text               mc_w.l(uldiv.o)
    0x08000262   0x08000262   0x00000062   Code   RO         5847    .text               mc_w.l(ldiv.o)
    0x080002c4   0x080002c4   0x00000024   Code   RO         5849    .text               mc_w.l(memcpya.o)
    0x080002e8   0x080002e8   0x00000024   Code   RO         5851    .text               mc_w.l(memseta.o)
    0x0800030c   0x0800030c   0x0000001a   Code   RO         5855    .text               mc_w.l(memcmp.o)
    0x08000326   0x08000326   0x000000b0   Code   RO         6122    .text               mf_w.l(fadd.o)
    0x080003d6   0x080003d6   0x00000064   Code   RO         6124    .text               mf_w.l(fmul.o)
    0x0800043a   0x0800043a   0x0000007c   Code   RO         6126    .text               mf_w.l(fdiv.o)
    0x080004b6   0x080004b6   0x0000014e   Code   RO         6128    .text               mf_w.l(dadd.o)
    0x08000604   0x08000604   0x000000e4   Code   RO         6130    .text               mf_w.l(dmul.o)
    0x080006e8   0x080006e8   0x000000de   Code   RO         6132    .text               mf_w.l(ddiv.o)
    0x080007c6   0x080007c6   0x00000012   Code   RO         6134    .text               mf_w.l(fflti.o)
    0x080007d8   0x080007d8   0x0000000a   Code   RO         6136    .text               mf_w.l(ffltui.o)
    0x080007e2   0x080007e2   0x00000022   Code   RO         6138    .text               mf_w.l(dflti.o)
    0x08000804   0x08000804   0x0000001a   Code   RO         6140    .text               mf_w.l(dfltui.o)
    0x0800081e   0x0800081e   0x00000032   Code   RO         6142    .text               mf_w.l(ffixi.o)
    0x08000850   0x08000850   0x00000028   Code   RO         6144    .text               mf_w.l(ffixui.o)
    0x08000878   0x08000878   0x00000026   Code   RO         6148    .text               mf_w.l(f2d.o)
    0x0800089e   0x0800089e   0x00000002   PAD
    0x080008a0   0x080008a0   0x00000030   Code   RO         6150    .text               mf_w.l(cdcmple.o)
    0x080008d0   0x080008d0   0x00000038   Code   RO         6152    .text               mf_w.l(d2f.o)
    0x08000908   0x08000908   0x00000014   Code   RO         6154    .text               mf_w.l(cfcmple.o)
    0x0800091c   0x0800091c   0x00000014   Code   RO         6156    .text               mf_w.l(cfrcmple.o)
    0x08000930   0x08000930   0x0000001e   Code   RO         6199    .text               mc_w.l(llshl.o)
    0x0800094e   0x0800094e   0x00000020   Code   RO         6201    .text               mc_w.l(llushr.o)
    0x0800096e   0x0800096e   0x00000024   Code   RO         6203    .text               mc_w.l(llsshr.o)
    0x08000992   0x08000992   0x00000000   Code   RO         6212    .text               mc_w.l(iusefp.o)
    0x08000992   0x08000992   0x0000006e   Code   RO         6213    .text               mf_w.l(fepilogue.o)
    0x08000a00   0x08000a00   0x000000ba   Code   RO         6215    .text               mf_w.l(depilogue.o)
    0x08000aba   0x08000aba   0x00000002   PAD
    0x08000abc   0x08000abc   0x00000024   Code   RO         6225    .text               mc_w.l(init.o)
    0x08000ae0   0x08000ae0   0x0000002e   Code   RO         6227    .text               mf_w.l(dscalb.o)
    0x08000b0e   0x08000b0e   0x00000056   Code   RO         6237    .text               mc_w.l(__dczerorl2.o)
    0x08000b64   0x08000b64   0x000000a0   Code   RO         5519    i.APP_CommunicationService_Task  communicationmain.o
    0x08000c04   0x08000c04   0x00000088   Code   RO         5285    i.APP_DriverService_Task  driversmain.o
    0x08000c8c   0x08000c8c   0x0000006c   Code   RO         5465    i.APP_RobotRunControlService_Task  robotruncontrolmain.o
    0x08000cf8   0x08000cf8   0x00000004   Code   RO         2053    i.BusFault_Handler  stm32f10x_it.o
    0x08000cfc   0x08000cfc   0x000000fc   Code   RO         5675    i.CalculateAngleL   hub_motor.o
    0x08000df8   0x08000df8   0x00000104   Code   RO         5676    i.CalculateAngleR   hub_motor.o
    0x08000efc   0x08000efc   0x0000002c   Code   RO         5645    i.Checksum_XOR      check.o
    0x08000f28   0x08000f28   0x00000074   Code   RO         5286    i.CopeSerial3Data   driversmain.o
    0x08000f9c   0x08000f9c   0x00000020   Code   RO         5548    i.Datecpy           protocol.o
    0x08000fbc   0x08000fbc   0x00000002   Code   RO         2054    i.DebugMon_Handler  stm32f10x_it.o
    0x08000fbe   0x08000fbe   0x00000002   PAD
    0x08000fc0   0x08000fc0   0x0000011c   Code   RO         5380    i.GPIO_Configuration  gpio_config.o
    0x080010dc   0x080010dc   0x00000116   Code   RO         2527    i.GPIO_Init         stm32f10x_gpio.o
    0x080011f2   0x080011f2   0x00000002   PAD
    0x080011f4   0x080011f4   0x00000090   Code   RO         2529    i.GPIO_PinRemapConfig  stm32f10x_gpio.o
    0x08001284   0x08001284   0x00000012   Code   RO         2531    i.GPIO_ReadInputDataBit  stm32f10x_gpio.o
    0x08001296   0x08001296   0x00000004   Code   RO         2535    i.GPIO_SetBits      stm32f10x_gpio.o
    0x0800129a   0x0800129a   0x00000008   Code   RO         5287    i.GPIO_ToggleBits   driversmain.o
    0x080012a2   0x080012a2   0x0000000a   Code   RO         2538    i.GPIO_WriteBit     stm32f10x_gpio.o
    0x080012ac   0x080012ac   0x00000078   Code   RO         5288    i.GetBasicSensorData  driversmain.o
    0x08001324   0x08001324   0x00000032   Code   RO          845    i.GetCollectData    mpu6050manage.o
    0x08001356   0x08001356   0x00000002   PAD
    0x08001358   0x08001358   0x0000007c   Code   RO         5677    i.GetCount          hub_motor.o
    0x080013d4   0x080013d4   0x00000098   Code   RO         5289    i.GetGYROData       driversmain.o
    0x0800146c   0x0800146c   0x0000000c   Code   RO         5392    i.GetLeftDirection  motorcontrol.o
    0x08001478   0x08001478   0x0000000c   Code   RO         5394    i.GetRightDirection  motorcontrol.o
    0x08001484   0x08001484   0x000002dc   Code   RO         5495    i.GetRobotRunDIRSpeed  rundeal.o
    0x08001760   0x08001760   0x00000004   Code   RO         2055    i.HardFault_Handler  stm32f10x_it.o
    0x08001764   0x08001764   0x00000034   Code   RO         5678    i.Hub_motor_Init    hub_motor.o
    0x08001798   0x08001798   0x0000004c   Code   RO          846    i.InitMpu6050       mpu6050manage.o
    0x080017e4   0x080017e4   0x00000020   Code   RO            1    i.Init_Config       main.o
    0x08001804   0x08001804   0x0000003c   Code   RO            2    i.Init_TimeParameters  main.o
    0x08001840   0x08001840   0x00000034   Code   RO         5679    i.Inspack_Set       hub_motor.o
    0x08001874   0x08001874   0x00000078   Code   RO          847    i.MPU6050_InitGyro_Offset  mpu6050manage.o
    0x080018ec   0x080018ec   0x00000050   Code   RO          763    i.MPU_Get_Accelerometer  mpu6050.o
    0x0800193c   0x0800193c   0x00000080   Code   RO          764    i.MPU_Get_Gyroscope  mpu6050.o
    0x080019bc   0x080019bc   0x0000004c   Code   RO          879    i.MPU_IIC_Ack       myiic.o
    0x08001a08   0x08001a08   0x0000000a   Code   RO          880    i.MPU_IIC_Delay     myiic.o
    0x08001a12   0x08001a12   0x00000002   PAD
    0x08001a14   0x08001a14   0x00000034   Code   RO          881    i.MPU_IIC_Init      myiic.o
    0x08001a48   0x08001a48   0x0000004c   Code   RO          882    i.MPU_IIC_NAck      myiic.o
    0x08001a94   0x08001a94   0x0000006c   Code   RO          883    i.MPU_IIC_Read_Byte  myiic.o
    0x08001b00   0x08001b00   0x0000005c   Code   RO          884    i.MPU_IIC_Send_Byte  myiic.o
    0x08001b5c   0x08001b5c   0x00000048   Code   RO          885    i.MPU_IIC_Start     myiic.o
    0x08001ba4   0x08001ba4   0x00000048   Code   RO          886    i.MPU_IIC_Stop      myiic.o
    0x08001bec   0x08001bec   0x00000064   Code   RO          887    i.MPU_IIC_Wait_Ack  myiic.o
    0x08001c50   0x08001c50   0x0000007a   Code   RO          766    i.MPU_Init          mpu6050.o
    0x08001cca   0x08001cca   0x0000003a   Code   RO          767    i.MPU_Read_Byte     mpu6050.o
    0x08001d04   0x08001d04   0x00000074   Code   RO          768    i.MPU_Read_Len      mpu6050.o
    0x08001d78   0x08001d78   0x00000010   Code   RO          769    i.MPU_Set_Accel_Fsr  mpu6050.o
    0x08001d88   0x08001d88   0x00000010   Code   RO          770    i.MPU_Set_Gyro_Fsr  mpu6050.o
    0x08001d98   0x08001d98   0x0000003a   Code   RO          771    i.MPU_Set_LPF       mpu6050.o
    0x08001dd2   0x08001dd2   0x0000003a   Code   RO          772    i.MPU_Set_Rate      mpu6050.o
    0x08001e0c   0x08001e0c   0x00000044   Code   RO          773    i.MPU_Write_Byte    mpu6050.o
    0x08001e50   0x08001e50   0x00000060   Code   RO          774    i.MPU_Write_Len     mpu6050.o
    0x08001eb0   0x08001eb0   0x00000004   Code   RO         2056    i.MemManage_Handler  stm32f10x_it.o
    0x08001eb4   0x08001eb4   0x00000068   Code   RO         5683    i.Motor_heartbeat   hub_motor.o
    0x08001f1c   0x08001f1c   0x00000088   Code   RO         5684    i.Motor_response    hub_motor.o
    0x08001fa4   0x08001fa4   0x00000088   Code   RO         5685    i.Motor_send_insturction  hub_motor.o
    0x0800202c   0x0800202c   0x00000002   Code   RO         2057    i.NMI_Handler       stm32f10x_it.o
    0x0800202e   0x0800202e   0x00000002   PAD
    0x08002030   0x08002030   0x00000070   Code   RO         1948    i.NVIC_Init         misc.o
    0x080020a0   0x080020a0   0x00000014   Code   RO         1949    i.NVIC_PriorityGroupConfig  misc.o
    0x080020b4   0x080020b4   0x00000020   Code   RO         2134    i.RCC_APB1PeriphClockCmd  stm32f10x_rcc.o
    0x080020d4   0x080020d4   0x00000020   Code   RO         2136    i.RCC_APB2PeriphClockCmd  stm32f10x_rcc.o
    0x080020f4   0x080020f4   0x000000d4   Code   RO         2144    i.RCC_GetClocksFreq  stm32f10x_rcc.o
    0x080021c8   0x080021c8   0x0000002c   Code   RO         5806    i.RS485_Send_Data   rs485.o
    0x080021f4   0x080021f4   0x0000002c   Code   RO         5686    i.ReadAngleData     hub_motor.o
    0x08002220   0x08002220   0x00000014   Code   RO         5687    i.Read_angle        hub_motor.o
    0x08002234   0x08002234   0x00000094   Code   RO         5688    i.Recive_angle_data  hub_motor.o
    0x080022c8   0x080022c8   0x0000003c   Code   RO         5520    i.SendDateToUSART1  communicationmain.o
    0x08002304   0x08002304   0x000000bc   Code   RO         5549    i.SetBasicSensorData  protocol.o
    0x080023c0   0x080023c0   0x00000074   Code   RO         5550    i.SetCliffSensorData  protocol.o
    0x08002434   0x08002434   0x000000f4   Code   RO         5551    i.SetGYRO_Original_Data  protocol.o
    0x08002528   0x08002528   0x00000070   Code   RO         5552    i.SetGYRO_YawAngleData  protocol.o
    0x08002598   0x08002598   0x000000cc   Code   RO         5553    i.SetGeneral_InputData  protocol.o
    0x08002664   0x08002664   0x00000054   Code   RO         5554    i.SetInfraredDockingStationData  protocol.o
    0x080026b8   0x080026b8   0x00000008   Code   RO         2098    i.SetSysClock       system_stm32f10x.o
    0x080026c0   0x080026c0   0x000000e0   Code   RO         2099    i.SetSysClockTo72   system_stm32f10x.o
    0x080027a0   0x080027a0   0x0000004c   Code   RO         5555    i.SetWheelCurrentData  protocol.o
    0x080027ec   0x080027ec   0x000000cc   Code   RO            3    i.Start_Task        main.o
    0x080028b8   0x080028b8   0x00000028   Code   RO         1952    i.SysTick_CLKSourceConfig  misc.o
    0x080028e0   0x080028e0   0x00000010   Code   RO         5111    i.SysTick_Handler   delay.o
    0x080028f0   0x080028f0   0x00000060   Code   RO         2101    i.SystemInit        system_stm32f10x.o
    0x08002950   0x08002950   0x00000164   Code   RO         5430    i.TIM2_IRQHandler   encoder.o
    0x08002ab4   0x08002ab4   0x00000006   Code   RO         4517    i.TIM_ClearITPendingBit  stm32f10x_tim.o
    0x08002aba   0x08002aba   0x00000022   Code   RO         4543    i.TIM_GetITStatus   stm32f10x_tim.o
    0x08002adc   0x08002adc   0x0000002a   Code   RO         5291    i.Timestampcalc     driversmain.o
    0x08002b06   0x08002b06   0x00000002   PAD
    0x08002b08   0x08002b08   0x00000020   Code   RO         5556    i.TransportProtocol_Init  protocol.o
    0x08002b28   0x08002b28   0x00000074   Code   RO         5557    i.TransportProtocol_Packed  protocol.o
    0x08002b9c   0x08002b9c   0x000000a0   Code   RO         5558    i.TransportProtocol_Unpacked  protocol.o
    0x08002c3c   0x08002c3c   0x000000e8   Code   RO         5559    i.UART1_task        protocol.o
    0x08002d24   0x08002d24   0x0000004c   Code   RO         5177    i.USART1_IRQHandler  usart.o
    0x08002d70   0x08002d70   0x00000040   Code   RO         5807    i.USART2_IRQHandler  rs485.o
    0x08002db0   0x08002db0   0x000000b8   Code   RO         5808    i.USART2_Init       rs485.o
    0x08002e68   0x08002e68   0x0000004c   Code   RO         5178    i.USART3_IRQHandler  usart.o
    0x08002eb4   0x08002eb4   0x00000012   Code   RO         2338    i.USART_ClearFlag   stm32f10x_usart.o
    0x08002ec6   0x08002ec6   0x0000001e   Code   RO         2339    i.USART_ClearITPendingBit  stm32f10x_usart.o
    0x08002ee4   0x08002ee4   0x00000018   Code   RO         2342    i.USART_Cmd         stm32f10x_usart.o
    0x08002efc   0x08002efc   0x0000001a   Code   RO         2345    i.USART_GetFlagStatus  stm32f10x_usart.o
    0x08002f16   0x08002f16   0x00000054   Code   RO         2346    i.USART_GetITStatus  stm32f10x_usart.o
    0x08002f6a   0x08002f6a   0x0000004a   Code   RO         2348    i.USART_ITConfig    stm32f10x_usart.o
    0x08002fb4   0x08002fb4   0x000000d8   Code   RO         2349    i.USART_Init        stm32f10x_usart.o
    0x0800308c   0x0800308c   0x0000000a   Code   RO         2356    i.USART_ReceiveData  stm32f10x_usart.o
    0x08003096   0x08003096   0x00000008   Code   RO         2359    i.USART_SendData    stm32f10x_usart.o
    0x0800309e   0x0800309e   0x00000002   PAD
    0x080030a0   0x080030a0   0x00000094   Code   RO         5560    i.Update_TextToSend  protocol.o
    0x08003134   0x08003134   0x00000004   Code   RO         2058    i.UsageFault_Handler  stm32f10x_it.o
    0x08003138   0x08003138   0x0000000c   Code   RO         5057    i.WWDG_ClearFlag    stm32f10x_wwdg.o
    0x08003144   0x08003144   0x00000010   Code   RO         5059    i.WWDG_Enable       stm32f10x_wwdg.o
    0x08003154   0x08003154   0x0000000c   Code   RO         5060    i.WWDG_EnableIT     stm32f10x_wwdg.o
    0x08003160   0x08003160   0x00000030   Code   RO         5292    i.WWDG_IRQHandler   driversmain.o
    0x08003190   0x08003190   0x00000040   Code   RO         5293    i.WWDG_Init         driversmain.o
    0x080031d0   0x080031d0   0x0000001e   Code   RO         5294    i.WWDG_NVIC_Init    driversmain.o
    0x080031ee   0x080031ee   0x00000002   PAD
    0x080031f0   0x080031f0   0x00000010   Code   RO         5062    i.WWDG_SetCounter   stm32f10x_wwdg.o
    0x08003200   0x08003200   0x00000018   Code   RO         5063    i.WWDG_SetPrescaler  stm32f10x_wwdg.o
    0x08003218   0x08003218   0x00000028   Code   RO         5064    i.WWDG_SetWindowValue  stm32f10x_wwdg.o
    0x08003240   0x08003240   0x00000020   Code   RO         6068    i.__0printf$8       mc_w.l(printf8.o)
    0x08003260   0x08003260   0x00000028   Code   RO         6221    i.__ARM_fpclassify  m_ws.l(fpclassify.o)
    0x08003288   0x08003288   0x000000aa   Code   RO         6223    i.__kernel_poly     m_ws.l(poly.o)
    0x08003332   0x08003332   0x00000006   Code   RO         6169    i.__mathlib_dbl_infnan  m_ws.l(dunder.o)
    0x08003338   0x08003338   0x00000004   Code   RO         6170    i.__mathlib_dbl_infnan2  m_ws.l(dunder.o)
    0x0800333c   0x0800333c   0x00000010   Code   RO         6174    i.__mathlib_dbl_underflow  m_ws.l(dunder.o)
    0x0800334c   0x0800334c   0x0000000e   Code   RO         6231    i.__scatterload_copy  mc_w.l(handlers.o)
    0x0800335a   0x0800335a   0x00000002   Code   RO         6232    i.__scatterload_null  mc_w.l(handlers.o)
    0x0800335c   0x0800335c   0x0000000e   Code   RO         6233    i.__scatterload_zeroinit  mc_w.l(handlers.o)
    0x0800336a   0x0800336a   0x00000002   PAD
    0x0800336c   0x0800336c   0x00000410   Code   RO         6075    i._printf_core      mc_w.l(printf8.o)
    0x0800377c   0x0800377c   0x00000024   Code   RO         6076    i._printf_post_padding  mc_w.l(printf8.o)
    0x080037a0   0x080037a0   0x0000002e   Code   RO         6077    i._printf_pre_padding  mc_w.l(printf8.o)
    0x080037ce   0x080037ce   0x00000002   PAD
    0x080037d0   0x080037d0   0x000000a8   Code   RO          229    i.accel_self_test   inv_mpu.o
    0x08003878   0x08003878   0x00000220   Code   RO         6159    i.atan              m_ws.l(atan.o)
    0x08003a98   0x08003a98   0x00000180   Code   RO         5835    i.atan2             m_ws.l(atan2.o)
    0x08003c18   0x08003c18   0x0000004c   Code   RO         5691    i.checksum_deal     hub_motor.o
    0x08003c64   0x08003c64   0x00000064   Code   RO          576    i.decode_gesture    inv_mpu_dmp_motion_driver.o
    0x08003cc8   0x08003cc8   0x0000005c   Code   RO         5112    i.delay_init        delay.o
    0x08003d24   0x08003d24   0x00000040   Code   RO         5113    i.delay_ms          delay.o
    0x08003d64   0x08003d64   0x00000048   Code   RO         5114    i.delay_us          delay.o
    0x08003dac   0x08003dac   0x0000003c   Code   RO          577    i.dmp_enable_6x_lp_quat  inv_mpu_dmp_motion_driver.o
    0x08003de8   0x08003de8   0x0000021c   Code   RO          578    i.dmp_enable_feature  inv_mpu_dmp_motion_driver.o
    0x08004004   0x08004004   0x00000058   Code   RO          579    i.dmp_enable_gyro_cal  inv_mpu_dmp_motion_driver.o
    0x0800405c   0x0800405c   0x0000003c   Code   RO          580    i.dmp_enable_lp_quat  inv_mpu_dmp_motion_driver.o
    0x08004098   0x08004098   0x00000018   Code   RO          585    i.dmp_load_motion_driver_firmware  inv_mpu_dmp_motion_driver.o
    0x080040b0   0x080040b0   0x000001cc   Code   RO          586    i.dmp_read_fifo     inv_mpu_dmp_motion_driver.o
    0x0800427c   0x0800427c   0x00000130   Code   RO          589    i.dmp_set_accel_bias  inv_mpu_dmp_motion_driver.o
    0x080043ac   0x080043ac   0x00000070   Code   RO          590    i.dmp_set_fifo_rate  inv_mpu_dmp_motion_driver.o
    0x0800441c   0x0800441c   0x00000130   Code   RO          591    i.dmp_set_gyro_bias  inv_mpu_dmp_motion_driver.o
    0x0800454c   0x0800454c   0x00000138   Code   RO          593    i.dmp_set_orientation  inv_mpu_dmp_motion_driver.o
    0x08004684   0x08004684   0x00000038   Code   RO          596    i.dmp_set_shake_reject_thresh  inv_mpu_dmp_motion_driver.o
    0x080046bc   0x080046bc   0x00000026   Code   RO          597    i.dmp_set_shake_reject_time  inv_mpu_dmp_motion_driver.o
    0x080046e2   0x080046e2   0x00000026   Code   RO          598    i.dmp_set_shake_reject_timeout  inv_mpu_dmp_motion_driver.o
    0x08004708   0x08004708   0x00000046   Code   RO          599    i.dmp_set_tap_axes  inv_mpu_dmp_motion_driver.o
    0x0800474e   0x0800474e   0x00000026   Code   RO          600    i.dmp_set_tap_count  inv_mpu_dmp_motion_driver.o
    0x08004774   0x08004774   0x000001a0   Code   RO          601    i.dmp_set_tap_thresh  inv_mpu_dmp_motion_driver.o
    0x08004914   0x08004914   0x00000026   Code   RO          602    i.dmp_set_tap_time  inv_mpu_dmp_motion_driver.o
    0x0800493a   0x0800493a   0x00000026   Code   RO          603    i.dmp_set_tap_time_multi  inv_mpu_dmp_motion_driver.o
    0x08004960   0x08004960   0x0000001c   Code   RO         5180    i.fputc             usart.o
    0x0800497c   0x0800497c   0x000000b4   Code   RO          230    i.get_accel_prod_shift  inv_mpu.o
    0x08004a30   0x08004a30   0x00000470   Code   RO          231    i.get_st_biases     inv_mpu.o
    0x08004ea0   0x08004ea0   0x00000110   Code   RO          232    i.gyro_self_test    inv_mpu.o
    0x08004fb0   0x08004fb0   0x00000028   Code   RO          233    i.inv_orientation_matrix_to_scalar  inv_mpu.o
    0x08004fd8   0x08004fd8   0x0000004e   Code   RO          234    i.inv_row_2_scale   inv_mpu.o
    0x08005026   0x08005026   0x00000002   PAD
    0x08005028   0x08005028   0x00000040   Code   RO            4    i.main              main.o
    0x08005068   0x08005068   0x00000002   Code   RO          235    i.mget_ms           inv_mpu.o
    0x0800506a   0x0800506a   0x00000002   PAD
    0x0800506c   0x0800506c   0x00000098   Code   RO         5692    i.motor_run         hub_motor.o
    0x08005104   0x08005104   0x00000070   Code   RO          236    i.mpu_configure_fifo  inv_mpu.o
    0x08005174   0x08005174   0x00000184   Code   RO          237    i.mpu_dmp_get_data  inv_mpu.o
    0x080052f8   0x080052f8   0x00000098   Code   RO          238    i.mpu_dmp_init      inv_mpu.o
    0x08005390   0x08005390   0x0000004c   Code   RO          239    i.mpu_get_accel_fsr  inv_mpu.o
    0x080053dc   0x080053dc   0x00000054   Code   RO          241    i.mpu_get_accel_sens  inv_mpu.o
    0x08005430   0x08005430   0x00000010   Code   RO          246    i.mpu_get_fifo_config  inv_mpu.o
    0x08005440   0x08005440   0x00000044   Code   RO          247    i.mpu_get_gyro_fsr  inv_mpu.o
    0x08005484   0x08005484   0x00000050   Code   RO          249    i.mpu_get_gyro_sens  inv_mpu.o
    0x080054d4   0x080054d4   0x00000050   Code   RO          251    i.mpu_get_lpf       inv_mpu.o
    0x08005524   0x08005524   0x00000020   Code   RO          253    i.mpu_get_sample_rate  inv_mpu.o
    0x08005544   0x08005544   0x000001f0   Code   RO          255    i.mpu_init          inv_mpu.o
    0x08005734   0x08005734   0x000000b8   Code   RO          256    i.mpu_load_firmware  inv_mpu.o
    0x080057ec   0x080057ec   0x000000e0   Code   RO          257    i.mpu_lp_accel_mode  inv_mpu.o
    0x080058cc   0x080058cc   0x000000c0   Code   RO          260    i.mpu_read_fifo_stream  inv_mpu.o
    0x0800598c   0x0800598c   0x00000080   Code   RO          261    i.mpu_read_mem      inv_mpu.o
    0x08005a0c   0x08005a0c   0x000001c8   Code   RO          264    i.mpu_reset_fifo    inv_mpu.o
    0x08005bd4   0x08005bd4   0x0000011c   Code   RO          265    i.mpu_run_self_test  inv_mpu.o
    0x08005cf0   0x08005cf0   0x00000084   Code   RO          267    i.mpu_set_accel_fsr  inv_mpu.o
    0x08005d74   0x08005d74   0x0000014c   Code   RO          268    i.mpu_set_bypass    inv_mpu.o
    0x08005ec0   0x08005ec0   0x00000090   Code   RO          270    i.mpu_set_dmp_state  inv_mpu.o
    0x08005f50   0x08005f50   0x00000088   Code   RO          271    i.mpu_set_gyro_fsr  inv_mpu.o
    0x08005fd8   0x08005fd8   0x0000006c   Code   RO          272    i.mpu_set_int_latched  inv_mpu.o
    0x08006044   0x08006044   0x00000084   Code   RO          274    i.mpu_set_lpf       inv_mpu.o
    0x080060c8   0x080060c8   0x0000009c   Code   RO          275    i.mpu_set_sample_rate  inv_mpu.o
    0x08006164   0x08006164   0x000000d0   Code   RO          276    i.mpu_set_sensors   inv_mpu.o
    0x08006234   0x08006234   0x00000080   Code   RO          277    i.mpu_write_mem     inv_mpu.o
    0x080062b4   0x080062b4   0x00000098   Code   RO         1332    i.prvAddCurrentTaskToDelayedList  tasks.o
    0x0800634c   0x0800634c   0x000000b8   Code   RO         1333    i.prvAddNewTaskToReadyList  tasks.o
    0x08006404   0x08006404   0x00000064   Code   RO         1692    i.prvCheckForValidListAndQueue  timers.o
    0x08006468   0x08006468   0x00000064   Code   RO         1334    i.prvCheckTasksWaitingTermination  tasks.o
    0x080064cc   0x080064cc   0x0000002a   Code   RO         1096    i.prvCopyDataFromQueue  queue.o
    0x080064f6   0x080064f6   0x0000007c   Code   RO         1097    i.prvCopyDataToQueue  queue.o
    0x08006572   0x08006572   0x00000012   Code   RO         1335    i.prvDeleteTCB      tasks.o
    0x08006584   0x08006584   0x00000028   Code   RO         1693    i.prvGetNextExpireTime  timers.o
    0x080065ac   0x080065ac   0x0000007c   Code   RO         1899    i.prvHeapInit       heap_4.o
    0x08006628   0x08006628   0x00000028   Code   RO         1336    i.prvIdleTask       tasks.o
    0x08006650   0x08006650   0x0000002e   Code   RO         1099    i.prvInitialiseNewQueue  queue.o
    0x0800667e   0x0800667e   0x00000002   PAD
    0x08006680   0x08006680   0x000000d0   Code   RO         1337    i.prvInitialiseNewTask  tasks.o
    0x08006750   0x08006750   0x00000068   Code   RO         1338    i.prvInitialiseTaskLists  tasks.o
    0x080067b8   0x080067b8   0x00000068   Code   RO         1900    i.prvInsertBlockIntoFreeList  heap_4.o
    0x08006820   0x08006820   0x00000058   Code   RO         1695    i.prvInsertTimerInActiveList  timers.o
    0x08006878   0x08006878   0x0000001a   Code   RO         1100    i.prvIsQueueEmpty   queue.o
    0x08006892   0x08006892   0x0000001e   Code   RO         1101    i.prvIsQueueFull    queue.o
    0x080068b0   0x080068b0   0x000000a0   Code   RO         1102    i.prvNotifyQueueSetContainer  queue.o
    0x08006950   0x08006950   0x00000080   Code   RO         1696    i.prvProcessExpiredTimer  timers.o
    0x080069d0   0x080069d0   0x0000012c   Code   RO         1697    i.prvProcessReceivedCommands  timers.o
    0x08006afc   0x08006afc   0x00000074   Code   RO         1698    i.prvProcessTimerOrBlockTask  timers.o
    0x08006b70   0x08006b70   0x00000034   Code   RO         1340    i.prvResetNextTaskUnblockTime  tasks.o
    0x08006ba4   0x08006ba4   0x0000002c   Code   RO         1699    i.prvSampleTimeNow  timers.o
    0x08006bd0   0x08006bd0   0x000000bc   Code   RO         1700    i.prvSwitchTimerLists  timers.o
    0x08006c8c   0x08006c8c   0x00000070   Code   RO         1823    i.prvTaskExitError  port.o
    0x08006cfc   0x08006cfc   0x0000001a   Code   RO         1701    i.prvTimerTask      timers.o
    0x08006d16   0x08006d16   0x00000092   Code   RO         1103    i.prvUnlockQueue    queue.o
    0x08006da8   0x08006da8   0x00000154   Code   RO         1901    i.pvPortMalloc      heap_4.o
    0x08006efc   0x08006efc   0x00000020   Code   RO         1344    i.pvTaskIncrementMutexHeldCount  tasks.o
    0x08006f1c   0x08006f1c   0x00000024   Code   RO         1824    i.pxPortInitialiseStack  port.o
    0x08006f40   0x08006f40   0x00000094   Code   RO          278    i.run_self_test     inv_mpu.o
    0x08006fd4   0x08006fd4   0x00000014   Code   RO         5693    i.set_hub_motor_dir  hub_motor.o
    0x08006fe8   0x08006fe8   0x00000014   Code   RO         5694    i.set_hub_motor_speed  hub_motor.o
    0x08006ffc   0x08006ffc   0x00000090   Code   RO          279    i.set_int_enable    inv_mpu.o
    0x0800708c   0x0800708c   0x0000006c   Code   RO         5183    i.uart_init         usart.o
    0x080070f8   0x080070f8   0x00000028   Code   RO         1059    i.uxListRemove      list.o
    0x08007120   0x08007120   0x0000001a   Code   RO         1060    i.vListInitialise   list.o
    0x0800713a   0x0800713a   0x00000006   Code   RO         1061    i.vListInitialiseItem  list.o
    0x08007140   0x08007140   0x00000034   Code   RO         1062    i.vListInsert       list.o
    0x08007174   0x08007174   0x00000018   Code   RO         1063    i.vListInsertEnd    list.o
    0x0800718c   0x0800718c   0x00000088   Code   RO         1826    i.vPortEnterCritical  port.o
    0x08007214   0x08007214   0x00000070   Code   RO         1827    i.vPortExitCritical  port.o
    0x08007284   0x08007284   0x000000b8   Code   RO         1902    i.vPortFree         heap_4.o
    0x0800733c   0x0800733c   0x0000001c   Code   RO         1828    i.vPortSetupTimerInterrupt  port.o
    0x08007358   0x08007358   0x000000a0   Code   RO         1829    i.vPortValidateInterruptPriority  port.o
    0x080073f8   0x080073f8   0x0000002c   Code   RO         1109    i.vQueueAddToRegistry  queue.o
    0x08007424   0x08007424   0x0000004a   Code   RO         1113    i.vQueueWaitForMessageRestricted  queue.o
    0x0800746e   0x0800746e   0x00000002   PAD
    0x08007470   0x08007470   0x00000074   Code   RO         1352    i.vTaskDelay        tasks.o
    0x080074e4   0x080074e4   0x0000010c   Code   RO         1354    i.vTaskDelete       tasks.o
    0x080075f0   0x080075f0   0x0000000c   Code   RO         1358    i.vTaskMissedYield  tasks.o
    0x080075fc   0x080075fc   0x00000054   Code   RO         1360    i.vTaskPlaceOnEventList  tasks.o
    0x08007650   0x08007650   0x0000005c   Code   RO         1361    i.vTaskPlaceOnEventListRestricted  tasks.o
    0x080076ac   0x080076ac   0x000000b0   Code   RO         1363    i.vTaskPriorityInherit  tasks.o
    0x0800775c   0x0800775c   0x0000004c   Code   RO         1367    i.vTaskSetTimeOutState  tasks.o
    0x080077a8   0x080077a8   0x000000ac   Code   RO         1368    i.vTaskStartScheduler  tasks.o
    0x08007854   0x08007854   0x00000010   Code   RO         1370    i.vTaskSuspendAll   tasks.o
    0x08007864   0x08007864   0x000000a8   Code   RO         1371    i.vTaskSwitchContext  tasks.o
    0x0800790c   0x0800790c   0x000000a0   Code   RO         1830    i.xPortStartScheduler  port.o
    0x080079ac   0x080079ac   0x00000034   Code   RO         1831    i.xPortSysTickHandler  port.o
    0x080079e0   0x080079e0   0x00000074   Code   RO         1118    i.xQueueGenericCreate  queue.o
    0x08007a54   0x08007a54   0x000001c8   Code   RO         1119    i.xQueueGenericReceive  queue.o
    0x08007c1c   0x08007c1c   0x000000b0   Code   RO         1120    i.xQueueGenericReset  queue.o
    0x08007ccc   0x08007ccc   0x000001c4   Code   RO         1121    i.xQueueGenericSend  queue.o
    0x08007e90   0x08007e90   0x00000110   Code   RO         1122    i.xQueueGenericSendFromISR  queue.o
    0x08007fa0   0x08007fa0   0x000000a0   Code   RO         1372    i.xTaskCheckForTimeOut  tasks.o
    0x08008040   0x08008040   0x00000060   Code   RO         1373    i.xTaskCreate       tasks.o
    0x080080a0   0x080080a0   0x00000020   Code   RO         1377    i.xTaskGetSchedulerState  tasks.o
    0x080080c0   0x080080c0   0x0000000c   Code   RO         1378    i.xTaskGetTickCount  tasks.o
    0x080080cc   0x080080cc   0x00000160   Code   RO         1380    i.xTaskIncrementTick  tasks.o
    0x0800822c   0x0800822c   0x000000d8   Code   RO         1383    i.xTaskPriorityDisinherit  tasks.o
    0x08008304   0x08008304   0x000000b4   Code   RO         1384    i.xTaskRemoveFromEventList  tasks.o
    0x080083b8   0x080083b8   0x00000120   Code   RO         1386    i.xTaskResumeAll    tasks.o
    0x080084d8   0x080084d8   0x00000074   Code   RO         1705    i.xTimerCreateTimerTask  timers.o
    0x0800854c   0x0800854c   0x000000a4   Code   RO         1706    i.xTimerGenericCommand  timers.o
    0x080085f0   0x080085f0   0x00000050   Data   RO          281    .constdata          inv_mpu.o
    0x08008640   0x08008640   0x00000bf6   Data   RO          605    .constdata          inv_mpu_dmp_motion_driver.o
    0x08009236   0x08009236   0x00000002   PAD
    0x08009238   0x08009238   0x00000010   Data   RO         5297    .constdata          driversmain.o
    0x08009248   0x08009248   0x00000098   Data   RO         6160    .constdata          m_ws.l(atan.o)
    0x080092e0   0x080092e0   0x00000008   Data   RO         6182    .constdata          m_ws.l(qnan.o)
    0x080092e8   0x080092e8   0x0000004d   Data   RO          282    .conststring        inv_mpu.o
    0x08009335   0x08009335   0x00000003   PAD
    0x08009338   0x08009338   0x00000020   Data   RO         6229    Region$$Table       anon$$obj.o


    Execution Region RW_IRAM1 (Exec base: 0x20000000, Load base: 0x08009358, Size: 0x00004f88, Max: 0x0000c000, ABSOLUTE, COMPRESSED[0x00000044])

    Exec Addr    Load Addr    Size         Type   Attr      Idx    E Section Name        Object

    0x20000000   COMPRESSED   0x00000013   Data   RW            5    .data               main.o
    0x20000013   COMPRESSED   0x00000001   PAD
    0x20000014   COMPRESSED   0x00000036   Data   RW          283    .data               inv_mpu.o
    0x2000004a   COMPRESSED   0x00000012   Data   RW          849    .data               mpu6050manage.o
    0x2000005c   COMPRESSED   0x0000003c   Data   RW         1389    .data               tasks.o
    0x20000098   COMPRESSED   0x00000014   Data   RW         1714    .data               timers.o
    0x200000ac   COMPRESSED   0x0000000c   Data   RW         1832    .data               port.o
    0x200000b8   COMPRESSED   0x00000018   Data   RW         1907    .data               heap_4.o
    0x200000d0   COMPRESSED   0x00000014   Data   RW         2102    .data               system_stm32f10x.o
    0x200000e4   COMPRESSED   0x00000014   Data   RW         2164    .data               stm32f10x_rcc.o
    0x200000f8   COMPRESSED   0x00000004   Data   RW         5116    .data               delay.o
    0x200000fc   COMPRESSED   0x00000015   Data   RW         5185    .data               usart.o
    0x20000111   COMPRESSED   0x00000003   PAD
    0x20000114   COMPRESSED   0x00000043   Data   RW         5298    .data               driversmain.o
    0x20000157   COMPRESSED   0x00000001   PAD
    0x20000158   COMPRESSED   0x00000016   Data   RW         5396    .data               motorcontrol.o
    0x2000016e   COMPRESSED   0x00000002   PAD
    0x20000170   COMPRESSED   0x0000001b   Data   RW         5432    .data               encoder.o
    0x2000018b   COMPRESSED   0x00000001   PAD
    0x2000018c   COMPRESSED   0x00000004   Data   RW         5467    .data               robotruncontrolmain.o
    0x20000190   COMPRESSED   0x0000000c   Data   RW         5496    .data               rundeal.o
    0x2000019c   COMPRESSED   0x00000009   Data   RW         5522    .data               communicationmain.o
    0x200001a5   COMPRESSED   0x00000001   PAD
    0x200001a6   COMPRESSED   0x0000001d   Data   RW         5562    .data               protocol.o
    0x200001c3   COMPRESSED   0x00000001   PAD
    0x200001c4   COMPRESSED   0x00000018   Data   RW         5696    .data               hub_motor.o
    0x200001dc   COMPRESSED   0x00000001   Data   RW         5810    .data               rs485.o
    0x200001dd   COMPRESSED   0x00000003   PAD
    0x200001e0        -       0x00000010   Zero   RW          604    .bss                inv_mpu_dmp_motion_driver.o
    0x200001f0        -       0x00000040   Zero   RW         1133    .bss                queue.o
    0x20000230        -       0x0000012c   Zero   RW         1388    .bss                tasks.o
    0x2000035c        -       0x00000028   Zero   RW         1713    .bss                timers.o
    0x20000384        -       0x00003c00   Zero   RW         1906    .bss                heap_4.o
    0x20003f84        -       0x00000448   Zero   RW         5184    .bss                usart.o
    0x200043cc        -       0x00000112   Zero   RW         5296    .bss                driversmain.o
    0x200044de        -       0x000005fd   Zero   RW         5521    .bss                communicationmain.o
    0x20004adb   COMPRESSED   0x00000001   PAD
    0x20004adc        -       0x00000052   Zero   RW         5561    .bss                protocol.o
    0x20004b2e        -       0x00000018   Zero   RW         5695    .bss                hub_motor.o
    0x20004b46        -       0x00000040   Zero   RW         5809    .bss                rs485.o
    0x20004b86   COMPRESSED   0x00000002   PAD
    0x20004b88        -       0x00000400   Zero   RW          222    STACK               startup_stm32f10x_hd.o


==============================================================================

Image component sizes


      Code (inc. data)   RO Data    RW Data    ZI Data      Debug   Object Name

        44          0          0          0          0       1275   check.o
       220         48          0          9       1533       3217   communicationmain.o
         0          0          0          0          0         32   core_cm3.o
       244         26          0          4          0       2965   delay.o
       716        102         16         67        274       9874   driversmain.o
       356         38          0         27          0       1806   encoder.o
         0          0          0          0          0       9780   event_groups.o
       284         28          0          0          0        789   gpio_config.o
       752        176          0         24      15360       4611   heap_4.o
      1596        190          0         24         24      12463   hub_motor.o
      6696        302        157         54          0      35908   inv_mpu.o
      3096        122       3062          0         16      23498   inv_mpu_dmp_motion_driver.o
       148          0          0          0          0       3814   list.o
       360        154          0         19          0     246316   main.o
       172         22          0          0          0      13549   misc.o
        24          8          0         22          0       3186   motorcontrol.o
       816         12          0          0          0       9383   mpu6050.o
       246         12          0         18          0       3630   mpu6050manage.o
       658        100          0          0          0       6022   myiic.o
       946        318          0         12          0      11637   port.o
      1744        120          0         29         82      14821   protocol.o
      2164        238          0          0         64      17509   queue.o
       108         28          0          4          0       1193   robotruncontrolmain.o
       292         22          0          1         64       3076   rs485.o
       732         20          0         12          0       1561   rundeal.o
        36          8        304          0       1024        880   startup_stm32f10x_hd.o
       454          6          0          0          0      14149   stm32f10x_gpio.o
        20          0          0          0          0       3517   stm32f10x_it.o
       276         32          0         20          0      14234   stm32f10x_rcc.o
        40          0          0          0          0      22846   stm32f10x_tim.o
       490          6          0          0          0      15333   stm32f10x_usart.o
       120         32          0          0          0       4903   stm32f10x_wwdg.o
       328         28          0         20          0       2945   system_stm32f10x.o
      3406        878          0         60        300      32671   tasks.o
      1310        312          0         20         40      10111   timers.o
       288         24          0         21       1096       6238   usart.o

    ----------------------------------------------------------------------
     29208       3412       3576        480      19880     569742   Object Totals
         0          0         32          0          0          0   (incl. Generated)
        26          0          5         13          3          0   (incl. Padding)

    ----------------------------------------------------------------------

      Code (inc. data)   RO Data    RW Data    ZI Data      Debug   Library Member Name

       544         70        152          0          0        124   atan.o
       384         38          0          0          0        144   atan2.o
        26          6          0          0          0        204   dunder.o
        40          0          0          0          0         68   fpclassify.o
       170          0          0          0          0         96   poly.o
         0          0          8          0          0          0   qnan.o
        86          0          0          0          0          0   __dczerorl2.o
         0          0          0          0          0          0   entry.o
         0          0          0          0          0          0   entry10a.o
         0          0          0          0          0          0   entry11a.o
         8          4          0          0          0          0   entry2.o
         4          0          0          0          0          0   entry5.o
         0          0          0          0          0          0   entry7b.o
         0          0          0          0          0          0   entry8b.o
         8          4          0          0          0          0   entry9a.o
        30          0          0          0          0          0   handlers.o
        36          8          0          0          0         68   init.o
         0          0          0          0          0          0   iusefp.o
        98          0          0          0          0         84   ldiv.o
        30          0          0          0          0         68   llshl.o
        36          0          0          0          0         68   llsshr.o
        32          0          0          0          0         68   llushr.o
        26          0          0          0          0         80   memcmp.o
        36          0          0          0          0         68   memcpya.o
        36          0          0          0          0        108   memseta.o
      1154         54          0          0          0        352   printf8.o
        98          0          0          0          0         92   uldiv.o
        48          0          0          0          0         68   cdcmple.o
        20          0          0          0          0         68   cfcmple.o
        20          0          0          0          0         68   cfrcmple.o
        56          0          0          0          0         88   d2f.o
       334          0          0          0          0        148   dadd.o
       222          0          0          0          0        100   ddiv.o
       186          0          0          0          0        176   depilogue.o
        34          0          0          0          0         76   dflti.o
        26          0          0          0          0         76   dfltui.o
       228          0          0          0          0         96   dmul.o
        46          0          0          0          0         80   dscalb.o
        38          0          0          0          0         68   f2d.o
       176          0          0          0          0        140   fadd.o
       124          0          0          0          0         88   fdiv.o
       110          0          0          0          0        168   fepilogue.o
        50          0          0          0          0         68   ffixi.o
        40          0          0          0          0         68   ffixui.o
        18          0          0          0          0         68   fflti.o
        10          0          0          0          0         68   ffltui.o
       100          0          0          0          0         76   fmul.o

    ----------------------------------------------------------------------
      4776        184        160          0          0       3548   Library Totals
         8          0          0          0          0          0   (incl. Padding)

    ----------------------------------------------------------------------

      Code (inc. data)   RO Data    RW Data    ZI Data      Debug   Library Name

      1164        114        160          0          0        636   m_ws.l
      1718         70          0          0          0       1056   mc_w.l
      1886          0          0          0          0       1856   mf_w.l

    ----------------------------------------------------------------------
      4776        184        160          0          0       3548   Library Totals

    ----------------------------------------------------------------------

==============================================================================


      Code (inc. data)   RO Data    RW Data    ZI Data      Debug   

     33984       3596       3736        480      19880     559066   Grand Totals
     33984       3596       3736         68      19880     559066   ELF Image Totals (compressed)
     33984       3596       3736         68          0          0   ROM Totals

==============================================================================

    Total RO  Size (Code + RO Data)                37720 (  36.84kB)
    Total RW  Size (RW Data + ZI Data)             20360 (  19.88kB)
    Total ROM Size (Code + RO Data + RW Data)      37788 (  36.90kB)

==============================================================================

